Archive member included to satisfy reference by file (symbol)

C:/Program Files/SEGGER/SEGGER Embedded Studio for ARM 4.22/lib/libc_v7em_fpv4_sp_d16_hard_t_le_eabi.a(libc_asm.o)
                              Output/spis_pca10040 Release/Obj/bsp.o (__aeabi_uldivmod)
C:/Program Files/SEGGER/SEGGER Embedded Studio for ARM 4.22/lib/libc_v7em_fpv4_sp_d16_hard_t_le_eabi.a(libc2.o)
                              Output/spis_pca10040 Release/Obj/nrf_log_str_formatter.o (isprint)
C:/Program Files/SEGGER/SEGGER Embedded Studio for ARM 4.22/lib/libc_v7em_fpv4_sp_d16_hard_t_le_eabi.a(libc2_asm.o)
                              Output/spis_pca10040 Release/Obj/nrf_log_frontend.o (memcpy)
C:/Program Files/SEGGER/SEGGER Embedded Studio for ARM 4.22/lib/libc_v7em_fpv4_sp_d16_hard_t_le_eabi.a(libc.o)
                              C:/Program Files/SEGGER/SEGGER Embedded Studio for ARM 4.22/lib/libc_v7em_fpv4_sp_d16_hard_t_le_eabi.a(libc2.o) (__heap_lock)
C:/Program Files/SEGGER/SEGGER Embedded Studio for ARM 4.22/lib/libdebugio_v7em_fpv4_sp_d16_hard_t_le_eabi.a(libdebugio.o)
                              Output/spis_pca10040 Release/Obj/thumb_crt0.o (debug_fopen)
C:/Program Files/SEGGER/SEGGER Embedded Studio for ARM 4.22/lib/libdebugio_mempoll_v7em_fpv4_sp_d16_hard_t_le_eabi.a(mempoll_debug_operations.o)
                              C:/Program Files/SEGGER/SEGGER Embedded Studio for ARM 4.22/lib/libdebugio_v7em_fpv4_sp_d16_hard_t_le_eabi.a(libdebugio.o) (__do_debug_operation)
C:/Program Files/SEGGER/SEGGER Embedded Studio for ARM 4.22/lib/libdebugio_mempoll_v7em_fpv4_sp_d16_hard_t_le_eabi.a(do_nv_debug_operation.o)
                              C:/Program Files/SEGGER/SEGGER Embedded Studio for ARM 4.22/lib/libdebugio_v7em_fpv4_sp_d16_hard_t_le_eabi.a(libdebugio.o) (__do_nvdebug_operation)
C:/Program Files/SEGGER/SEGGER Embedded Studio for ARM 4.22/lib/libm_v7em_fpv4_sp_d16_hard_t_le_eabi.a(libm_asm.o)
                              C:/Program Files/SEGGER/SEGGER Embedded Studio for ARM 4.22/lib/libc_v7em_fpv4_sp_d16_hard_t_le_eabi.a(libc2.o) (__aeabi_i2d)
C:/Program Files/SEGGER/SEGGER Embedded Studio for ARM 4.22/lib/libm_v7em_fpv4_sp_d16_hard_t_le_eabi.a(libm2.o)
                              C:/Program Files/SEGGER/SEGGER Embedded Studio for ARM 4.22/lib/libvfprintf_v7em_fpv4_sp_d16_hard_t_le_eabi.o (frexp)
C:/Program Files/SEGGER/SEGGER Embedded Studio for ARM 4.22/lib/libm_v7em_fpv4_sp_d16_hard_t_le_eabi.a(libm2_asm.o)
                              C:/Program Files/SEGGER/SEGGER Embedded Studio for ARM 4.22/lib/libm_v7em_fpv4_sp_d16_hard_t_le_eabi.a(libm2.o) (fabs)

Discarded input sections

 .text          0x0000000000000000        0x0 Output/spis_pca10040 Release/Obj/thumb_crt0.o
 .data          0x0000000000000000        0x0 Output/spis_pca10040 Release/Obj/thumb_crt0.o
 .bss           0x0000000000000000        0x0 Output/spis_pca10040 Release/Obj/thumb_crt0.o
 .text.__aeabi_read_tp
                0x0000000000000000        0x8 Output/spis_pca10040 Release/Obj/thumb_crt0.o
 .text.abort    0x0000000000000000        0x2 Output/spis_pca10040 Release/Obj/thumb_crt0.o
 .text.__assert
                0x0000000000000000        0x2 Output/spis_pca10040 Release/Obj/thumb_crt0.o
 .text.__aeabi_assert
                0x0000000000000000        0x2 Output/spis_pca10040 Release/Obj/thumb_crt0.o
 .text.__sync_synchronize
                0x0000000000000000        0x2 Output/spis_pca10040 Release/Obj/thumb_crt0.o
 .text.__getchar
                0x0000000000000000        0x4 Output/spis_pca10040 Release/Obj/thumb_crt0.o
 .text.__putchar
                0x0000000000000000        0x4 Output/spis_pca10040 Release/Obj/thumb_crt0.o
 .text.__open   0x0000000000000000        0x4 Output/spis_pca10040 Release/Obj/thumb_crt0.o
 .text.__close  0x0000000000000000        0x4 Output/spis_pca10040 Release/Obj/thumb_crt0.o
 .text.__write  0x0000000000000000        0xa Output/spis_pca10040 Release/Obj/thumb_crt0.o
 .text.__read   0x0000000000000000        0xa Output/spis_pca10040 Release/Obj/thumb_crt0.o
 .text.__seek   0x0000000000000000       0x1a Output/spis_pca10040 Release/Obj/thumb_crt0.o
 .bss.__user_locale_name_buffer
                0x0000000000000000        0x4 Output/spis_pca10040 Release/Obj/thumb_crt0.o
 .stack         0x0000000000000000        0x0 Output/spis_pca10040 Release/Obj/thumb_crt0.o
 .stack_process
                0x0000000000000000        0x0 Output/spis_pca10040 Release/Obj/thumb_crt0.o
 .heap          0x0000000000000000        0x0 Output/spis_pca10040 Release/Obj/thumb_crt0.o
 .group         0x0000000000000000        0xc Output/spis_pca10040 Release/Obj/nrf_log_backend_rtt.o
 .group         0x0000000000000000        0xc Output/spis_pca10040 Release/Obj/nrf_log_backend_rtt.o
 .group         0x0000000000000000        0xc Output/spis_pca10040 Release/Obj/nrf_log_backend_rtt.o
 .group         0x0000000000000000        0xc Output/spis_pca10040 Release/Obj/nrf_log_backend_rtt.o
[...]
Memory Configuration

Name             Origin             Length             Attributes
UNPLACED_SECTIONS 0x0000000100000000 0x0000000000000000 xw
RAM              0x0000000020000000 0x0000000000010000 xw
FLASH            0x0000000000000000 0x0000000000080000 xw
*default*        0x0000000000000000 0xffffffffffffffff

Linker script and memory map

                0x00000000000027d8                __vfprintf = __vfprintf_long
                0x0000000000000000                __vfscanf = __vfscanf_long
                0x0000000020000000                __RAM_segment_start__ = 0x20000000
                0x0000000020010000                __RAM_segment_end__ = 0x20010000
                0x0000000000010000                __RAM_segment_size__ = 0x10000
                0x0000000000000000                __FLASH_segment_start__ = 0x0
                0x0000000000080000                __FLASH_segment_end__ = 0x80000
                0x0000000000080000                __FLASH_segment_size__ = 0x80000
                0x0000000000002000                __HEAPSIZE__ = 0x2000
                0x0000000000000000                __STACKSIZE_PROCESS__ = 0x0
                0x0000000000002000                __STACKSIZE__ = 0x2000
                0x0000000020000000                __vectors_ram_load_start__ = 0x20000000

.vectors_ram    0x0000000020000000        0x0
                0x0000000020000000                __vectors_ram_start__ = .
                0x0000000020000000                __app_ram_start__ = __vectors_ram_start__
 *(.vectors_ram .vectors_ram.*)
                0x0000000020000000                __vectors_ram_end__ = (__vectors_ram_start__ + SIZEOF (.vectors_ram))
                0x0000000000000000                __vectors_ram_size__ = SIZEOF (.vectors_ram)
                0x0000000020000000                __vectors_ram_load_end__ = __vectors_ram_end__
                0x0000000000000001                . = ASSERT (((__vectors_ram_start__ == __vectors_ram_end__) || ((__vectors_ram_end__ - __RAM_segment_start__) <= __RAM_segment_size__)), error: .vectors_ram is too large to fit in RAM memory segment)
                0x0000000020000000                __nrf_sections_run_load_start__ = ALIGN (__vectors_ram_end__, 0x4)

.nrf_sections_run
                0x0000000020000000        0x0
                0x0000000020000000                __nrf_sections_run_start__ = .
                0x0000000020000000                __start_nrf_sections_run = __nrf_sections_run_start__
 *(.nrf_sections_run .nrf_sections_run.*)
                0x0000000020000000                __nrf_sections_run_end__ = (__nrf_sections_run_start__ + SIZEOF (.nrf_sections_run))
                0x0000000000000000                __nrf_sections_run_size__ = SIZEOF (.nrf_sections_run)
                0x0000000020000000                __nrf_sections_run_load_end__ = __nrf_sections_run_end__
                0x0000000000000001                . = ASSERT (((__nrf_sections_run_start__ == __nrf_sections_run_end__) || ((__nrf_sections_run_end__ - __RAM_segment_start__) <= __RAM_segment_size__)), error: .nrf_sections_run is too large to fit in RAM memory segment)
                0x0000000000000000                __vectors_load_start__ = 0x0

.vectors        0x0000000000000000      0x200
                0x0000000000000000                __vectors_start__ = .
 *(.vectors .vectors.*)
 .vectors       0x0000000000000000      0x200 Output/spis_pca10040 Release/Obj/ses_startup_nrf52.o
                0x0000000000000000                _vectors
                0x0000000000000200                __vectors_end__ = (__vectors_start__ + SIZEOF (.vectors))
                0x0000000000000200                __vectors_size__ = SIZEOF (.vectors)
                0x0000000000000200                __vectors_load_end__ = __vectors_end__
                0x0000000000000001                . = ASSERT (((__vectors_start__ == __vectors_end__) || ((__vectors_end__ - __FLASH_segment_start__) <= __FLASH_segment_size__)), error: .vectors is too large to fit in FLASH memory segment)
                0x0000000000000200                __init_load_start__ = ALIGN (__vectors_end__, 0x4)

.init           0x0000000000000200      0x1d0
                0x0000000000000200                __init_start__ = .
 *(.init .init.*)
 .init          0x0000000000000200      0x15c Output/spis_pca10040 Release/Obj/thumb_crt0.o
                0x0000000000000200                _start
                0x00000000000002b4                exit
 .init          0x000000000000035c       0x18 Output/spis_pca10040 Release/Obj/ses_startup_nrf52.o
                0x000000000000035c                NMI_Handler
                0x000000000000035e                HardFault_Handler
                0x0000000000000360                MemoryManagement_Handler
                0x0000000000000362                BusFault_Handler
                0x0000000000000364                UsageFault_Handler
                0x0000000000000366                SVC_Handler
                0x0000000000000368                DebugMon_Handler
                0x000000000000036a                PendSV_Handler
                0x000000000000036c                SysTick_Handler
                0x000000000000036e                PWM1_IRQHandler
                0x000000000000036e                SWI0_EGU0_IRQHandler
                0x000000000000036e                POWER_CLOCK_IRQHandler
                0x000000000000036e                RADIO_IRQHandler
                0x000000000000036e                PDM_IRQHandler
                0x000000000000036e                TEMP_IRQHandler
                0x000000000000036e                QDEC_IRQHandler
                0x000000000000036e                RTC0_IRQHandler
                0x000000000000036e                FPU_IRQHandler
                0x000000000000036e                SPIM0_SPIS0_TWIM0_TWIS0_SPI0_TWI0_IRQHandler
                0x000000000000036e                SWI2_EGU2_IRQHandler
                0x000000000000036e                TIMER4_IRQHandler
                0x000000000000036e                I2S_IRQHandler
                0x000000000000036e                SWI4_EGU4_IRQHandler
                0x000000000000036e                TIMER0_IRQHandler
                0x000000000000036e                Dummy_Handler
                0x000000000000036e                TIMER1_IRQHandler
                0x000000000000036e                PWM2_IRQHandler
                0x000000000000036e                ECB_IRQHandler
                0x000000000000036e                SAADC_IRQHandler
                0x000000000000036e                CCM_AAR_IRQHandler
                0x000000000000036e                WDT_IRQHandler
                0x000000000000036e                TIMER3_IRQHandler
                0x000000000000036e                SWI5_EGU5_IRQHandler
                0x000000000000036e                RNG_IRQHandler
                0x000000000000036e                RTC2_IRQHandler
                0x000000000000036e                PWM0_IRQHandler
                0x000000000000036e                SWI3_EGU3_IRQHandler
                0x000000000000036e                SWI1_EGU1_IRQHandler
                0x000000000000036e                SPIM2_SPIS2_SPI2_IRQHandler
                0x000000000000036e                NFCT_IRQHandler
                0x000000000000036e                TIMER2_IRQHandler
                0x000000000000036e                MWU_IRQHandler
                0x000000000000036e                COMP_LPCOMP_IRQHandler
                0x0000000000000370                nRFInitialize
 .init          0x0000000000000374       0x5c Output/spis_pca10040 Release/Obj/ses_startup_nrf_common.o
                0x0000000000000374                Reset_Handler
                0x0000000000000378                afterInitialize
                0x000000000000039c                InitializeUserMemorySections
                0x00000000000003d0                __init_end__ = (__init_start__ + SIZEOF (.init))
                0x00000000000001d0                __init_size__ = SIZEOF (.init)
                0x00000000000003d0                __init_load_end__ = __init_end__
                0x0000000000000001                . = ASSERT (((__init_start__ == __init_end__) || ((__init_end__ - __FLASH_segment_start__) <= __FLASH_segment_size__)), error: .init is too large to fit in FLASH memory segment)
                0x00000000000003d0                __init_rodata_load_start__ = ALIGN (__init_end__, 0x4)

.init_rodata    0x00000000000003d0        0x0
                0x00000000000003d0                __init_rodata_start__ = .
 *(.init_rodata .init_rodata.*)
                0x00000000000003d0                __init_rodata_end__ = (__init_rodata_start__ + SIZEOF (.init_rodata))
                0x0000000000000000                __init_rodata_size__ = SIZEOF (.init_rodata)
                0x00000000000003d0                __init_rodata_load_end__ = __init_rodata_end__
                0x0000000000000001                . = ASSERT (((__init_rodata_start__ == __init_rodata_end__) || ((__init_rodata_end__ - __FLASH_segment_start__) <= __FLASH_segment_size__)), error: .init_rodata is too large to fit in FLASH memory segment)
                0x00000000000003d0                __text_load_start__ = ALIGN (__init_rodata_end__, 0x4)

.text           0x00000000000003d0     0x2b4c
                0x00000000000003d0                __text_start__ = .
 *(.text .text.* .glue_7t .glue_7 .gnu.linkonce.t.* .gcc_except_table .ARM.extab* .gnu.linkonce.armextab.*)
 .glue_7        0x00000000000003d0        0x0 linker stubs
 .glue_7t       0x00000000000003d0        0x0 linker stubs
 .text.nrf_log_backend_serial_put
                0x00000000000003d0       0xc0 Output/spis_pca10040 Release/Obj/nrf_log_backend_serial.o
                0x00000000000003d0                nrf_log_backend_serial_put
 .text.uart_evt_handler
                0x0000000000000490        0xc Output/spis_pca10040 Release/Obj/nrf_log_backend_uart.o
 .text.nrf_log_backend_uart_flush
                0x000000000000049c        0x2 Output/spis_pca10040 Release/Obj/nrf_log_backend_uart.o
 *fill*         0x000000000000049e        0x2 
 .text.uart_init
                0x00000000000004a0       0x4c Output/spis_pca10040 Release/Obj/nrf_log_backend_uart.o
 .text.nrf_log_backend_uart_put
                0x00000000000004ec       0x1c Output/spis_pca10040 Release/Obj/nrf_log_backend_uart.o
 .text.serial_tx
                0x0000000000000508       0x48 Output/spis_pca10040 Release/Obj/nrf_log_backend_uart.o
 .text.nrf_log_backend_uart_panic_set
                0x0000000000000550       0x2c Output/spis_pca10040 Release/Obj/nrf_log_backend_uart.o
 .text.invalid_packets_omit
                0x000000000000057c       0x3a Output/spis_pca10040 Release/Obj/nrf_log_frontend.o
 *fill*         0x00000000000005b6        0x2 
 .text.buf_prealloc
                0x00000000000005b8      0x130 Output/spis_pca10040 Release/Obj/nrf_log_frontend.o
 .text.nrf_log_module_name_get
                0x00000000000006e8       0x38 Output/spis_pca10040 Release/Obj/nrf_log_frontend.o
                0x00000000000006e8                nrf_log_module_name_get
 .text.nrf_log_color_id_get
                0x0000000000000720       0x2c Output/spis_pca10040 Release/Obj/nrf_log_frontend.o
                0x0000000000000720                nrf_log_color_id_get
 .text.buffer_is_empty
                0x000000000000074c       0x14 Output/spis_pca10040 Release/Obj/nrf_log_frontend.o
                0x000000000000074c                buffer_is_empty
 .text.nrf_log_frontend_dequeue
                0x0000000000000760      0x21c Output/spis_pca10040 Release/Obj/nrf_log_frontend.o
                0x0000000000000760                nrf_log_frontend_dequeue
 .text.std_n    0x000000000000097c       0xb0 Output/spis_pca10040 Release/Obj/nrf_log_frontend.o
 .text.nrf_log_frontend_std_0
                0x0000000000000a2c        0x8 Output/spis_pca10040 Release/Obj/nrf_log_frontend.o
                0x0000000000000a2c                nrf_log_frontend_std_0
 .text.nrf_log_panic
                0x0000000000000a34       0x2c Output/spis_pca10040 Release/Obj/nrf_log_frontend.o
                0x0000000000000a34                nrf_log_panic
 .text.postfix_process
                0x0000000000000a60       0x3c Output/spis_pca10040 Release/Obj/nrf_log_str_formatter.o
 .text.prefix_process
                0x0000000000000a9c       0x78 Output/spis_pca10040 Release/Obj/nrf_log_str_formatter.o
 .text.nrf_log_std_entry_process
                0x0000000000000b14       0xc8 Output/spis_pca10040 Release/Obj/nrf_log_str_formatter.o
                0x0000000000000b14                nrf_log_std_entry_process
 .text.nrf_log_hexdump_entry_process
                0x0000000000000bdc       0xb4 Output/spis_pca10040 Release/Obj/nrf_log_str_formatter.o
                0x0000000000000bdc                nrf_log_hexdump_entry_process
 .text.app_error_handler_bare
                0x0000000000000c90       0x1a Output/spis_pca10040 Release/Obj/app_error.o
                0x0000000000000c90                app_error_handler_bare
 *fill*         0x0000000000000caa        0x2 
 .text.app_error_fault_handler
                0x0000000000000cac       0x70 Output/spis_pca10040 Release/Obj/app_error_weak.o
                0x0000000000000cac                app_error_fault_handler
 .text.app_util_disable_irq
                0x0000000000000d1c       0x10 Output/spis_pca10040 Release/Obj/app_util_platform.o
                0x0000000000000d1c                app_util_disable_irq
 .text.app_util_enable_irq
                0x0000000000000d2c       0x14 Output/spis_pca10040 Release/Obj/app_util_platform.o
                0x0000000000000d2c                app_util_enable_irq
 .text.app_util_critical_region_enter
                0x0000000000000d40        0x4 Output/spis_pca10040 Release/Obj/app_util_platform.o
                0x0000000000000d40                app_util_critical_region_enter
 .text.app_util_critical_region_exit
                0x0000000000000d44        0x4 Output/spis_pca10040 Release/Obj/app_util_platform.o
                0x0000000000000d44                app_util_critical_region_exit
 .text.RTC1_IRQHandler
                0x0000000000000d48       0x14 Output/spis_pca10040 Release/Obj/drv_rtc.o
                0x0000000000000d48                RTC1_IRQHandler
 .text.nrf_atomic_u32_fetch_store
                0x0000000000000d5c       0x14 Output/spis_pca10040 Release/Obj/nrf_atomic.o
                0x0000000000000d5c                nrf_atomic_u32_fetch_store
 .text.nrf_atomic_u32_or
                0x0000000000000d70       0x16 Output/spis_pca10040 Release/Obj/nrf_atomic.o
                0x0000000000000d70                nrf_atomic_u32_or
 .text.nrf_atomic_u32_fetch_and
                0x0000000000000d86       0x16 Output/spis_pca10040 Release/Obj/nrf_atomic.o
                0x0000000000000d86                nrf_atomic_u32_fetch_and
 .text.nrf_atomic_u32_add
                0x0000000000000d9c       0x16 Output/spis_pca10040 Release/Obj/nrf_atomic.o
                0x0000000000000d9c                nrf_atomic_u32_add
 .text.nrf_atomic_u32_sub
                0x0000000000000db2       0x16 Output/spis_pca10040 Release/Obj/nrf_atomic.o
                0x0000000000000db2                nrf_atomic_u32_sub
 .text.nrf_atomic_flag_set
                0x0000000000000dc8        0x6 Output/spis_pca10040 Release/Obj/nrf_atomic.o
                0x0000000000000dc8                nrf_atomic_flag_set
 .text.nrf_atomic_flag_clear_fetch
                0x0000000000000dce        0x6 Output/spis_pca10040 Release/Obj/nrf_atomic.o
                0x0000000000000dce                nrf_atomic_flag_clear_fetch
 .text.nrf_balloc_alloc
                0x0000000000000dd4       0x40 Output/spis_pca10040 Release/Obj/nrf_balloc.o
                0x0000000000000dd4                nrf_balloc_alloc
 .text.nrf_balloc_free
                0x0000000000000e14       0x2a Output/spis_pca10040 Release/Obj/nrf_balloc.o
                0x0000000000000e14                nrf_balloc_free
 .text.nrf_fprintf_buffer_flush
                0x0000000000000e3e       0x16 Output/spis_pca10040 Release/Obj/nrf_fprintf.o
                0x0000000000000e3e                nrf_fprintf_buffer_flush
 .text.nrf_fprintf
                0x0000000000000e54       0x1c Output/spis_pca10040 Release/Obj/nrf_fprintf.o
                0x0000000000000e54                nrf_fprintf
 .text.buffer_add
                0x0000000000000e70       0x2e Output/spis_pca10040 Release/Obj/nrf_fprintf_format.o
 *fill*         0x0000000000000e9e        0x2 
 .text.unsigned_print
                0x0000000000000ea0       0xb0 Output/spis_pca10040 Release/Obj/nrf_fprintf_format.o
 .text.nrf_fprintf_fmt
                0x0000000000000f50      0x276 Output/spis_pca10040 Release/Obj/nrf_fprintf_format.o
                0x0000000000000f50                nrf_fprintf_fmt
 .text.memobj_op
                0x00000000000011c6       0x82 Output/spis_pca10040 Release/Obj/nrf_memobj.o
 .text.nrf_memobj_free
                0x0000000000001248       0x2c Output/spis_pca10040 Release/Obj/nrf_memobj.o
                0x0000000000001248                nrf_memobj_free
 .text.nrf_memobj_alloc
                0x0000000000001274       0x5e Output/spis_pca10040 Release/Obj/nrf_memobj.o
                0x0000000000001274                nrf_memobj_alloc
 .text.nrf_memobj_get
                0x00000000000012d2        0x8 Output/spis_pca10040 Release/Obj/nrf_memobj.o
                0x00000000000012d2                nrf_memobj_get
 .text.nrf_memobj_put
                0x00000000000012da       0x1e Output/spis_pca10040 Release/Obj/nrf_memobj.o
                0x00000000000012da                nrf_memobj_put
 .text.nrf_memobj_write
                0x00000000000012f8       0x14 Output/spis_pca10040 Release/Obj/nrf_memobj.o
                0x00000000000012f8                nrf_memobj_write
 .text.nrf_memobj_read
                0x000000000000130c       0x14 Output/spis_pca10040 Release/Obj/nrf_memobj.o
                0x000000000000130c                nrf_memobj_read
 .text.uarte_evt_handler
                0x0000000000001320       0x34 Output/spis_pca10040 Release/Obj/nrf_drv_uart.o
 .text.uart_evt_handler
                0x0000000000001354       0x34 Output/spis_pca10040 Release/Obj/nrf_drv_uart.o
 .text.nrf_drv_uart_init
                0x0000000000001388       0x78 Output/spis_pca10040 Release/Obj/nrf_drv_uart.o
                0x0000000000001388                nrf_drv_uart_init
 .text.nrf_gpiote_event_clear
                0x0000000000001400       0x18 Output/spis_pca10040 Release/Obj/nrfx_gpiote.o
 .text.nrf_gpio_cfg_sense_set
                0x0000000000001418       0x20 Output/spis_pca10040 Release/Obj/nrfx_gpiote.o
 .text.GPIOTE_IRQHandler
                0x0000000000001438      0x184 Output/spis_pca10040 Release/Obj/nrfx_gpiote.o
                0x0000000000001438                GPIOTE_IRQHandler
 .text.UARTE0_UART0_IRQHandler
                0x00000000000015bc        0xc Output/spis_pca10040 Release/Obj/nrfx_prs.o
                0x00000000000015bc                UARTE0_UART0_IRQHandler
 .text.nrfx_prs_acquire
                0x00000000000015c8       0x38 Output/spis_pca10040 Release/Obj/nrfx_prs.o
                0x00000000000015c8                nrfx_prs_acquire
 .text.nrfx_prs_release
                0x0000000000001600       0x18 Output/spis_pca10040 Release/Obj/nrfx_prs.o
                0x0000000000001600                nrfx_prs_release
 .text.spis_state_entry_action_execute
                0x0000000000001618       0x40 Output/spis_pca10040 Release/Obj/nrfx_spis.o
 .text.SPIM1_SPIS1_TWIM1_TWIS1_SPI1_TWI1_IRQHandler
                0x0000000000001658       0x80 Output/spis_pca10040 Release/Obj/nrfx_spis.o
                0x0000000000001658                SPIM1_SPIS1_TWIM1_TWIS1_SPI1_TWI1_IRQHandler
 .text.nrf_uart_event_clear
                0x00000000000016d8       0x10 Output/spis_pca10040 Release/Obj/nrfx_uart.o
 .text.tx_byte  0x00000000000016e8       0x1e Output/spis_pca10040 Release/Obj/nrfx_uart.o
 .text.rx_byte  0x0000000000001706       0x2c Output/spis_pca10040 Release/Obj/nrfx_uart.o
 *fill*         0x0000000000001732        0x2 
 .text.rx_done_event.constprop.8
                0x0000000000001734       0x20 Output/spis_pca10040 Release/Obj/nrfx_uart.o
 .text.nrfx_uart_0_irq_handler
                0x0000000000001754      0x140 Output/spis_pca10040 Release/Obj/nrfx_uart.o
                0x0000000000001754                nrfx_uart_0_irq_handler
 .text.nrfx_uart_init
                0x0000000000001894      0x174 Output/spis_pca10040 Release/Obj/nrfx_uart.o
                0x0000000000001894                nrfx_uart_init
 .text.nrfx_uart_uninit
                0x0000000000001a08       0xc8 Output/spis_pca10040 Release/Obj/nrfx_uart.o
                0x0000000000001a08                nrfx_uart_uninit
 .text.nrfx_uart_tx
                0x0000000000001ad0       0x94 Output/spis_pca10040 Release/Obj/nrfx_uart.o
                0x0000000000001ad0                nrfx_uart_tx
 .text.nrf_uarte_event_clear
                0x0000000000001b64       0x10 Output/spis_pca10040 Release/Obj/nrfx_uarte.o
 .text.rx_done_event.constprop.7
                0x0000000000001b74       0x20 Output/spis_pca10040 Release/Obj/nrfx_uarte.o
 .text.nrfx_uarte_0_irq_handler
                0x0000000000001b94      0x120 Output/spis_pca10040 Release/Obj/nrfx_uarte.o
                0x0000000000001b94                nrfx_uarte_0_irq_handler
 .text.nrfx_uarte_init
                0x0000000000001cb4      0x18c Output/spis_pca10040 Release/Obj/nrfx_uarte.o
                0x0000000000001cb4                nrfx_uarte_init
 .text.nrfx_uarte_uninit
                0x0000000000001e40       0xec Output/spis_pca10040 Release/Obj/nrfx_uarte.o
                0x0000000000001e40                nrfx_uarte_uninit
 .text.nrfx_uarte_tx
                0x0000000000001f2c       0x90 Output/spis_pca10040 Release/Obj/nrfx_uarte.o
                0x0000000000001f2c                nrfx_uarte_tx
 .text.spis_init
                0x0000000000001fbc       0x54 Output/spis_pca10040 Release/Obj/main.o
                0x0000000000001fbc                spis_init
 .text.fill_buffer
                0x0000000000002010       0x20 Output/spis_pca10040 Release/Obj/main.o
                0x0000000000002010                fill_buffer
 .text.print_buffer
                0x0000000000002030       0x30 Output/spis_pca10040 Release/Obj/main.o
                0x0000000000002030                print_buffer
 .text.startup.main
                0x0000000000002060       0x70 Output/spis_pca10040 Release/Obj/main.o
                0x0000000000002060                main
 .text._GetAvailWriteSpace
                0x00000000000020d0       0x1c Output/spis_pca10040 Release/Obj/SEGGER_RTT.o
 .text._WriteNoCheck
                0x00000000000020ec       0x34 Output/spis_pca10040 Release/Obj/SEGGER_RTT.o
 .text._WriteBlocking
                0x0000000000002120       0x52 Output/spis_pca10040 Release/Obj/SEGGER_RTT.o
 *fill*         0x0000000000002172        0x2 
 .text._DoInit  0x0000000000002174       0x60 Output/spis_pca10040 Release/Obj/SEGGER_RTT.o
 .text.SEGGER_RTT_WriteNoLock
                0x00000000000021d4       0x68 Output/spis_pca10040 Release/Obj/SEGGER_RTT.o
                0x00000000000021d4                SEGGER_RTT_WriteNoLock
 .text.SEGGER_RTT_Write
                0x000000000000223c       0x34 Output/spis_pca10040 Release/Obj/SEGGER_RTT.o
                0x000000000000223c                SEGGER_RTT_Write
 .text.printf   0x0000000000002270       0x3a Output/spis_pca10040 Release/Obj/SEGGER_RTT_Syscalls_SES.o
                0x0000000000002270                printf
 *fill*         0x00000000000022aa        0x2 
 .text.errata_12
                0x00000000000022ac       0x40 Output/spis_pca10040 Release/Obj/system_nrf52.o
 .text.errata_16
                0x00000000000022ec       0x34 Output/spis_pca10040 Release/Obj/system_nrf52.o
 .text.SystemInit
                0x0000000000002320      0x25c Output/spis_pca10040 Release/Obj/system_nrf52.o
                0x0000000000002320                SystemInit
 .text.libc.__RAL_ascii_isctype
                0x000000000000257c       0x1c C:/Program Files/SEGGER/SEGGER Embedded Studio for ARM 4.22/lib/libc_v7em_fpv4_sp_d16_hard_t_le_eabi.a(libc2.o)
 .text.libc.__RAL_ascii_toupper
                0x0000000000002598        0xc C:/Program Files/SEGGER/SEGGER Embedded Studio for ARM 4.22/lib/libc_v7em_fpv4_sp_d16_hard_t_le_eabi.a(libc2.o)
 .text.libc.__RAL_ascii_tolower
                0x00000000000025a4        0xc C:/Program Files/SEGGER/SEGGER Embedded Studio for ARM 4.22/lib/libc_v7em_fpv4_sp_d16_hard_t_le_eabi.a(libc2.o)
 .text.libc.__RAL_ascii_iswctype
                0x00000000000025b0       0x1c C:/Program Files/SEGGER/SEGGER Embedded Studio for ARM 4.22/lib/libc_v7em_fpv4_sp_d16_hard_t_le_eabi.a(libc2.o)
 .text.libc.__RAL_ascii_towupper
                0x00000000000025cc        0xc C:/Program Files/SEGGER/SEGGER Embedded Studio for ARM 4.22/lib/libc_v7em_fpv4_sp_d16_hard_t_le_eabi.a(libc2.o)
 .text.libc.__RAL_ascii_towlower
                0x00000000000025d8        0xc C:/Program Files/SEGGER/SEGGER Embedded Studio for ARM 4.22/lib/libc_v7em_fpv4_sp_d16_hard_t_le_eabi.a(libc2.o)
 .text.libc.__RAL_ascii_wctomb
                0x00000000000025e4        0xe C:/Program Files/SEGGER/SEGGER Embedded Studio for ARM 4.22/lib/libc_v7em_fpv4_sp_d16_hard_t_le_eabi.a(libc2.o)
                0x00000000000025e4                __RAL_ascii_wctomb
 .text.libc.__RAL_ascii_mbtowc
                0x00000000000025f2       0x24 C:/Program Files/SEGGER/SEGGER Embedded Studio for ARM 4.22/lib/libc_v7em_fpv4_sp_d16_hard_t_le_eabi.a(libc2.o)
                0x00000000000025f2                __RAL_ascii_mbtowc
 .text.libc.__putc
                0x0000000000002616       0x34 C:/Program Files/SEGGER/SEGGER Embedded Studio for ARM 4.22/lib/libc_v7em_fpv4_sp_d16_hard_t_le_eabi.a(libc2.o)
                0x0000000000002616                __putc
 .text.libc.__RAL_print_padding
                0x000000000000264a       0x1c C:/Program Files/SEGGER/SEGGER Embedded Studio for ARM 4.22/lib/libc_v7em_fpv4_sp_d16_hard_t_le_eabi.a(libc2.o)
                0x000000000000264a                __RAL_print_padding
 .text.libc.__RAL_pre_padding
                0x0000000000002666       0x1c C:/Program Files/SEGGER/SEGGER Embedded Studio for ARM 4.22/lib/libc_v7em_fpv4_sp_d16_hard_t_le_eabi.a(libc2.o)
                0x0000000000002666                __RAL_pre_padding
 *fill*         0x0000000000002682        0x2 
 .text.libc.__RAL_isctype
                0x0000000000002684       0x14 C:/Program Files/SEGGER/SEGGER Embedded Studio for ARM 4.22/lib/libc_v7em_fpv4_sp_d16_hard_t_le_eabi.a(libc2.o)
                0x0000000000002684                __RAL_isctype
 .text.libc.isprint
                0x0000000000002698        0xa C:/Program Files/SEGGER/SEGGER Embedded Studio for ARM 4.22/lib/libc_v7em_fpv4_sp_d16_hard_t_le_eabi.a(libc2.o)
                0x0000000000002698                isprint
 .text.libc.strnlen
                0x00000000000026a2       0x22 C:/Program Files/SEGGER/SEGGER Embedded Studio for ARM 4.22/lib/libc_v7em_fpv4_sp_d16_hard_t_le_eabi.a(libc2.o)
                0x00000000000026a2                strnlen
 .text.libc.vsnprintf
                0x00000000000026c4       0x1c C:/Program Files/SEGGER/SEGGER Embedded Studio for ARM 4.22/lib/libc_v7em_fpv4_sp_d16_hard_t_le_eabi.a(libc2.o)
                0x00000000000026c4                vsnprintf
 .text.libc.memcpy
                0x00000000000026e0       0x52 C:/Program Files/SEGGER/SEGGER Embedded Studio for ARM 4.22/lib/libc_v7em_fpv4_sp_d16_hard_t_le_eabi.a(libc2_asm.o)
                0x00000000000026e0                __aeabi_memcpy
                0x00000000000026e0                memcpy
                0x00000000000026ec                __aeabi_memcpy8
                0x00000000000026ec                __aeabi_memcpy4
 .text.libc.strcpy
                0x0000000000002732       0x44 C:/Program Files/SEGGER/SEGGER Embedded Studio for ARM 4.22/lib/libc_v7em_fpv4_sp_d16_hard_t_le_eabi.a(libc2_asm.o)
                0x0000000000002732                strcpy
 .text.libc.strlen
                0x0000000000002776       0x60 C:/Program Files/SEGGER/SEGGER Embedded Studio for ARM 4.22/lib/libc_v7em_fpv4_sp_d16_hard_t_le_eabi.a(libc2_asm.o)
                0x0000000000002776                strlen
 *fill*         0x00000000000027d6        0x2 
 .text.libc.__vfprintf_long
                0x00000000000027d8      0x744 C:/Program Files/SEGGER/SEGGER Embedded Studio for ARM 4.22/lib/libvfprintf_v7em_fpv4_sp_d16_hard_t_le_eabi.o
                0x00000000000027d8                __vfprintf_long
                0x0000000000002f1c                __text_end__ = (__text_start__ + SIZEOF (.text))
                0x0000000000002b4c                __text_size__ = SIZEOF (.text)
                0x0000000000002f1c                __text_load_end__ = __text_end__

.vfp11_veneer   0x0000000100000000        0x0
 .vfp11_veneer  0x0000000100000000        0x0 linker stubs

.v4_bx          0x0000000100000000        0x0
 .v4_bx         0x0000000100000000        0x0 linker stubs

.iplt           0x0000000100000000        0x0
 .iplt          0x0000000100000000        0x0 Output/spis_pca10040 Release/Obj/thumb_crt0.o
                0x0000000000000001                . = ASSERT (((__text_start__ == __text_end__) || ((__text_end__ - __FLASH_segment_start__) <= __FLASH_segment_size__)), error: .text is too large to fit in FLASH memory segment)
                0x0000000000002f1c                __log_const_data_load_start__ = ALIGN (__text_end__, 0x4)

.log_const_data
                0x0000000000002f1c       0x48
                0x0000000000002f1c                __log_const_data_start__ = .
                0x0000000000002f1c                __start_log_const_data = __log_const_data_start__
 *(SORT_BY_NAME(.log_const_data*))
 .log_const_data_GPIOTE
                0x0000000000002f1c        0x8 Output/spis_pca10040 Release/Obj/nrfx_gpiote.o
                0x0000000000002f1c                m_nrf_log_GPIOTE_logs_data_const
 .log_const_data_PRS
                0x0000000000002f24        0x8 Output/spis_pca10040 Release/Obj/nrfx_prs.o
                0x0000000000002f24                m_nrf_log_PRS_logs_data_const
 .log_const_data_SPIS
                0x0000000000002f2c        0x8 Output/spis_pca10040 Release/Obj/nrfx_spis.o
                0x0000000000002f2c                m_nrf_log_SPIS_logs_data_const
 .log_const_data_UART
                0x0000000000002f34        0x8 Output/spis_pca10040 Release/Obj/nrfx_uart.o
                0x0000000000002f34                m_nrf_log_UART_logs_data_const
 .log_const_data_UARTE
                0x0000000000002f3c        0x8 Output/spis_pca10040 Release/Obj/nrfx_uarte.o
                0x0000000000002f3c                m_nrf_log_UARTE_logs_data_const
 .log_const_data_app
                0x0000000000002f44        0x8 Output/spis_pca10040 Release/Obj/nrf_log_frontend.o
                0x0000000000002f44                m_nrf_log_app_logs_data_const
 .log_const_data_app_button
                0x0000000000002f4c        0x8 Output/spis_pca10040 Release/Obj/app_button.o
                0x0000000000002f4c                m_nrf_log_app_button_logs_data_const
 .log_const_data_app_timer
                0x0000000000002f54        0x8 Output/spis_pca10040 Release/Obj/app_timer2.o
                0x0000000000002f54                m_nrf_log_app_timer_logs_data_const
 .log_const_data_sortlist
                0x0000000000002f5c        0x8 Output/spis_pca10040 Release/Obj/nrf_sortlist.o
                0x0000000000002f5c                m_nrf_log_sortlist_logs_data_const
                0x0000000000002f64                __log_const_data_end__ = (__log_const_data_start__ + SIZEOF (.log_const_data))
                0x0000000000000048                __log_const_data_size__ = SIZEOF (.log_const_data)
                0x0000000000002f64                __stop_log_const_data = __log_const_data_end__
                0x0000000000002f64                __log_const_data_load_end__ = __log_const_data_end__
                0x0000000000000001                . = ASSERT (((__log_const_data_start__ == __log_const_data_end__) || ((__log_const_data_end__ - __FLASH_segment_start__) <= __FLASH_segment_size__)), error: .log_const_data is too large to fit in FLASH memory segment)
                0x0000000000002f64                __log_backends_load_start__ = ALIGN (__log_const_data_end__, 0x4)

.log_backends   0x0000000000002f64       0x10
                0x0000000000002f64                __log_backends_start__ = .
                0x0000000000002f64                __start_log_backends = __log_backends_start__
 *(SORT_BY_NAME(.log_backends*))
 .log_backends  0x0000000000002f64       0x10 Output/spis_pca10040 Release/Obj/nrf_log_default_backends.o
                0x0000000000002f74                __log_backends_end__ = (__log_backends_start__ + SIZEOF (.log_backends))
                0x0000000000000010                __log_backends_size__ = SIZEOF (.log_backends)
                0x0000000000002f74                __stop_log_backends = __log_backends_end__
                0x0000000000002f74                __log_backends_load_end__ = __log_backends_end__
                0x0000000000000001                . = ASSERT (((__log_backends_start__ == __log_backends_end__) || ((__log_backends_end__ - __FLASH_segment_start__) <= __FLASH_segment_size__)), error: .log_backends is too large to fit in FLASH memory segment)
                0x0000000000002f74                __nrf_balloc_load_start__ = ALIGN (__log_backends_end__, 0x4)

.nrf_balloc     0x0000000000002f74       0x14
                0x0000000000002f74                __nrf_balloc_start__ = .
                0x0000000000002f74                __start_nrf_balloc = __nrf_balloc_start__
 *(.nrf_balloc*)
 .nrf_balloc    0x0000000000002f74       0x14 Output/spis_pca10040 Release/Obj/nrf_log_frontend.o
                0x0000000000002f74                log_mempool
                0x0000000000002f88                __nrf_balloc_end__ = (__nrf_balloc_start__ + SIZEOF (.nrf_balloc))
                0x0000000000000014                __nrf_balloc_size__ = SIZEOF (.nrf_balloc)
                0x0000000000002f88                __stop_nrf_balloc = __nrf_balloc_end__
                0x0000000000002f88                __nrf_balloc_load_end__ = __nrf_balloc_end__
                0x0000000000000001                . = ASSERT (((__nrf_balloc_start__ == __nrf_balloc_end__) || ((__nrf_balloc_end__ - __FLASH_segment_start__) <= __FLASH_segment_size__)), error: .nrf_balloc is too large to fit in FLASH memory segment)
                0x0000000000002f88                __nrf_sections_load_start__ = ALIGN (__nrf_balloc_end__, 0x4)

.nrf_sections   0x0000000000002f88        0x0
                0x0000000000002f88                __nrf_sections_start__ = .
                0x0000000000002f88                __start_nrf_sections = __nrf_sections_start__
 *(.nrf_sections .nrf_sections.*)
                0x0000000000002f88                __nrf_sections_end__ = (__nrf_sections_start__ + SIZEOF (.nrf_sections))
                0x0000000000000000                __nrf_sections_size__ = SIZEOF (.nrf_sections)
                0x0000000000002f88                __nrf_sections_load_end__ = __nrf_sections_end__
                0x0000000000000001                . = ASSERT (((__nrf_sections_start__ == __nrf_sections_end__) || ((__nrf_sections_end__ - __FLASH_segment_start__) <= __FLASH_segment_size__)), error: .nrf_sections is too large to fit in FLASH memory segment)
                0x0000000000002f88                __log_dynamic_data_load_start__ = ALIGN (__nrf_sections_end__, 0x4)

.log_dynamic_data
                0x0000000020000000        0x0 load address 0x0000000000002f88
                0x0000000020000000                __log_dynamic_data_start__ = .
 *(SORT_BY_NAME(.log_dynamic_data*))
                0x0000000020000000                __log_dynamic_data_end__ = (__log_dynamic_data_start__ + SIZEOF (.log_dynamic_data))
                0x0000000000000000                __log_dynamic_data_size__ = SIZEOF (.log_dynamic_data)
                0x0000000000002f88                __log_dynamic_data_load_end__ = (__log_dynamic_data_load_start__ + SIZEOF (.log_dynamic_data))
                0x0000000000000001                . = ASSERT (((__log_dynamic_data_load_start__ == __log_dynamic_data_load_end__) || ((__log_dynamic_data_load_end__ - __FLASH_segment_start__) <= __FLASH_segment_size__)), error: .log_dynamic_data is too large to fit in FLASH memory segment)

.log_dynamic_data_run
                0x0000000020000000        0x0
                0x0000000020000000                __log_dynamic_data_run_start__ = .
                0x0000000020000000                __start_log_dynamic_data = __log_dynamic_data_run_start__
                0x0000000020000000                . = MAX ((__log_dynamic_data_run_start__ + SIZEOF (.log_dynamic_data)), .)
                0x0000000020000000                __log_dynamic_data_run_end__ = (__log_dynamic_data_run_start__ + SIZEOF (.log_dynamic_data_run))
                0x0000000000000000                __log_dynamic_data_run_size__ = SIZEOF (.log_dynamic_data_run)
                0x0000000020000000                __stop_log_dynamic_data = __log_dynamic_data_run_end__
                0x0000000020000000                __log_dynamic_data_run_load_end__ = __log_dynamic_data_run_end__
                0x0000000000000001                . = ASSERT (((__log_dynamic_data_run_start__ == __log_dynamic_data_run_end__) || ((__log_dynamic_data_run_end__ - __RAM_segment_start__) <= __RAM_segment_size__)), error: .log_dynamic_data_run is too large to fit in RAM memory segment)
                0x0000000000002f88                __log_filter_data_load_start__ = ALIGN ((__log_dynamic_data_load_start__ + SIZEOF (.log_dynamic_data)), 0x4)

.log_filter_data
                0x0000000020000000        0x0 load address 0x0000000000002f88
                0x0000000020000000                __log_filter_data_start__ = .
 *(SORT_BY_NAME(.log_filter_data*))
                0x0000000020000000                __log_filter_data_end__ = (__log_filter_data_start__ + SIZEOF (.log_filter_data))
                0x0000000000000000                __log_filter_data_size__ = SIZEOF (.log_filter_data)
                0x0000000000002f88                __log_filter_data_load_end__ = (__log_filter_data_load_start__ + SIZEOF (.log_filter_data))
                0x0000000000000001                . = ASSERT (((__log_filter_data_load_start__ == __log_filter_data_load_end__) || ((__log_filter_data_load_end__ - __FLASH_segment_start__) <= __FLASH_segment_size__)), error: .log_filter_data is too large to fit in FLASH memory segment)

.log_filter_data_run
                0x0000000020000000        0x0
                0x0000000020000000                __log_filter_data_run_start__ = .
                0x0000000020000000                __start_log_filter_data = __log_filter_data_run_start__
                0x0000000020000000                . = MAX ((__log_filter_data_run_start__ + SIZEOF (.log_filter_data)), .)
                0x0000000020000000                __log_filter_data_run_end__ = (__log_filter_data_run_start__ + SIZEOF (.log_filter_data_run))
                0x0000000000000000                __log_filter_data_run_size__ = SIZEOF (.log_filter_data_run)
                0x0000000020000000                __stop_log_filter_data = __log_filter_data_run_end__
                0x0000000020000000                __log_filter_data_run_load_end__ = __log_filter_data_run_end__
                0x0000000000000001                . = ASSERT (((__log_filter_data_run_start__ == __log_filter_data_run_end__) || ((__log_filter_data_run_end__ - __RAM_segment_start__) <= __RAM_segment_size__)), error: .log_filter_data_run is too large to fit in RAM memory segment)
                0x0000000020000000                __nrf_sections_run_end_load_start__ = ALIGN (__log_filter_data_run_end__, 0x4)

.nrf_sections_run_end
                0x0000000020000000        0x0
                0x0000000020000000                __nrf_sections_run_end_start__ = .
                0x0000000020000000                __end_nrf_sections_run = __nrf_sections_run_end_start__
 *(.nrf_sections_run_end .nrf_sections_run_end.*)
                0x0000000020000000                __nrf_sections_run_end_end__ = (__nrf_sections_run_end_start__ + SIZEOF (.nrf_sections_run_end))
                0x0000000000000000                __nrf_sections_run_end_size__ = SIZEOF (.nrf_sections_run_end)
                0x0000000020000000                __nrf_sections_run_end_load_end__ = __nrf_sections_run_end_end__
                0x0000000000000001                . = ASSERT (((__nrf_sections_run_end_start__ == __nrf_sections_run_end_end__) || ((__nrf_sections_run_end_end__ - __RAM_segment_start__) <= __RAM_segment_size__)), error: .nrf_sections_run_end is too large to fit in RAM memory segment)
                0x0000000000002f88                __dtors_load_start__ = ALIGN ((__log_filter_data_load_start__ + SIZEOF (.log_filter_data)), 0x4)

.dtors          0x0000000000002f88        0x0
                0x0000000000002f88                __dtors_start__ = .
 *(SORT_BY_NAME(.dtors.*))
 *(.dtors)
 *(.fini_array)
 *(SORT_BY_NAME(.fini_array.*))
                0x0000000000002f88                __dtors_end__ = (__dtors_start__ + SIZEOF (.dtors))
                0x0000000000000000                __dtors_size__ = SIZEOF (.dtors)
                0x0000000000002f88                __dtors_load_end__ = __dtors_end__
                0x0000000000000001                . = ASSERT (((__dtors_start__ == __dtors_end__) || ((__dtors_end__ - __FLASH_segment_start__) <= __FLASH_segment_size__)), error: .dtors is too large to fit in FLASH memory segment)
                0x0000000000002f88                __ctors_load_start__ = ALIGN (__dtors_end__, 0x4)

.ctors          0x0000000000002f88        0x0
                0x0000000000002f88                __ctors_start__ = .
 *(SORT_BY_NAME(.ctors.*))
 *(.ctors)
 *(.init_array)
 *(SORT_BY_NAME(.init_array.*))
                0x0000000000002f88                __ctors_end__ = (__ctors_start__ + SIZEOF (.ctors))
                0x0000000000000000                __ctors_size__ = SIZEOF (.ctors)
                0x0000000000002f88                __ctors_load_end__ = __ctors_end__
                0x0000000000000001                . = ASSERT (((__ctors_start__ == __ctors_end__) || ((__ctors_end__ - __FLASH_segment_start__) <= __FLASH_segment_size__)), error: .ctors is too large to fit in FLASH memory segment)
                0x0000000000002f88                __rodata_load_start__ = ALIGN (__ctors_end__, 0x4)

.rodata         0x0000000000002f88      0x3fc
                0x0000000000002f88                __rodata_start__ = .
 *(.rodata .rodata.* .gnu.linkonce.r.*)
 .rodata        0x0000000000002f88       0x20 Output/spis_pca10040 Release/Obj/nrf_log_backend_uart.o
 .rodata.nrf_log_backend_uart_api
                0x0000000000002fa8        0xc Output/spis_pca10040 Release/Obj/nrf_log_backend_uart.o
                0x0000000000002fa8                nrf_log_backend_uart_api
 .rodata.str1.1
                0x0000000000002fb4       0x11 Output/spis_pca10040 Release/Obj/nrf_log_default_backends.o
 .rodata.nrf_log_frontend_dequeue.str1.1
                0x0000000000002fc5       0x11 Output/spis_pca10040 Release/Obj/nrf_log_frontend.o
 .rodata.str1.1
                0x0000000000002fd6        0x4 Output/spis_pca10040 Release/Obj/nrf_log_frontend.o
 *fill*         0x0000000000002fda        0x2 
 .rodata.m_colors
                0x0000000000002fdc       0x24 Output/spis_pca10040 Release/Obj/nrf_log_str_formatter.o
 .rodata.nrf_log_hexdump_entry_process.str1.1
                0x0000000000003000        0xf Output/spis_pca10040 Release/Obj/nrf_log_str_formatter.o
                                         0x11 (size before relaxing)
 .rodata.postfix_process.str1.1
                0x000000000000300f        0x8 Output/spis_pca10040 Release/Obj/nrf_log_str_formatter.o
                                          0xb (size before relaxing)
 .rodata.prefix_process.str1.1
                0x0000000000003017       0x2a Output/spis_pca10040 Release/Obj/nrf_log_str_formatter.o
 *fill*         0x0000000000003041        0x3 
 .rodata.severity_names
                0x0000000000003044       0x14 Output/spis_pca10040 Release/Obj/nrf_log_str_formatter.o
 .rodata.str1.1
                0x0000000000003058       0x4b Output/spis_pca10040 Release/Obj/nrf_log_str_formatter.o
                                         0x51 (size before relaxing)
 .rodata.str1.1
                0x00000000000030a3        0xb Output/spis_pca10040 Release/Obj/app_button.o
 .rodata.app_error_fault_handler.str1.1
                0x00000000000030ae       0x19 Output/spis_pca10040 Release/Obj/app_error_weak.o
 .rodata.str1.1
                0x00000000000030c7        0xa Output/spis_pca10040 Release/Obj/app_timer2.o
 .rodata._aV2C.7501
                0x00000000000030d1       0x10 Output/spis_pca10040 Release/Obj/nrf_fprintf_format.o
 .rodata.str1.1
                0x00000000000030e1        0x9 Output/spis_pca10040 Release/Obj/nrf_sortlist.o
 .rodata.str1.1
                0x00000000000030ea        0x7 Output/spis_pca10040 Release/Obj/nrfx_gpiote.o
 .rodata.str1.1
                0x00000000000030f1        0x4 Output/spis_pca10040 Release/Obj/nrfx_prs.o
 .rodata.str1.1
                0x00000000000030f5        0x5 Output/spis_pca10040 Release/Obj/nrfx_spis.o
 .rodata.str1.1
                0x00000000000030fa        0x5 Output/spis_pca10040 Release/Obj/nrfx_uart.o
 .rodata.str1.1
                0x00000000000030ff        0x6 Output/spis_pca10040 Release/Obj/nrfx_uarte.o
 .rodata.print_buffer.str1.1
                0x0000000000003105        0x3 Output/spis_pca10040 Release/Obj/main.o
                                          0x5 (size before relaxing)
 .rodata._DoInit.str1.1
                0x0000000000003108       0x14 Output/spis_pca10040 Release/Obj/SEGGER_RTT.o
 .rodata.libc.__RAL_ascii_ctype_map
                0x000000000000311c       0x80 C:/Program Files/SEGGER/SEGGER Embedded Studio for ARM 4.22/lib/libc_v7em_fpv4_sp_d16_hard_t_le_eabi.a(libc2.o)
                0x000000000000311c                __RAL_ascii_ctype_map
 .rodata.libc.__RAL_ascii_ctype_mask
                0x000000000000319c        0xd C:/Program Files/SEGGER/SEGGER Embedded Studio for ARM 4.22/lib/libc_v7em_fpv4_sp_d16_hard_t_le_eabi.a(libc2.o)
 *fill*         0x00000000000031a9        0x3 
 .rodata.libc.__RAL_c_locale
                0x00000000000031ac        0xc C:/Program Files/SEGGER/SEGGER Embedded Studio for ARM 4.22/lib/libc_v7em_fpv4_sp_d16_hard_t_le_eabi.a(libc2.o)
                0x00000000000031ac                __RAL_c_locale
 .rodata.libc.__RAL_c_locale_abbrev_day_names
                0x00000000000031b8       0x1d C:/Program Files/SEGGER/SEGGER Embedded Studio for ARM 4.22/lib/libc_v7em_fpv4_sp_d16_hard_t_le_eabi.a(libc2.o)
                0x00000000000031b8                __RAL_c_locale_abbrev_day_names
 *fill*         0x00000000000031d5        0x3 
 .rodata.libc.__RAL_c_locale_abbrev_month_names
                0x00000000000031d8       0x31 C:/Program Files/SEGGER/SEGGER Embedded Studio for ARM 4.22/lib/libc_v7em_fpv4_sp_d16_hard_t_le_eabi.a(libc2.o)
                0x00000000000031d8                __RAL_c_locale_abbrev_month_names
 *fill*         0x0000000000003209        0x3 
 .rodata.libc.__RAL_c_locale_am_pm_indicator
                0x000000000000320c        0x7 C:/Program Files/SEGGER/SEGGER Embedded Studio for ARM 4.22/lib/libc_v7em_fpv4_sp_d16_hard_t_le_eabi.a(libc2.o)
                0x000000000000320c                __RAL_c_locale_am_pm_indicator
 *fill*         0x0000000000003213        0x1 
 .rodata.libc.__RAL_c_locale_data
                0x0000000000003214       0x58 C:/Program Files/SEGGER/SEGGER Embedded Studio for ARM 4.22/lib/libc_v7em_fpv4_sp_d16_hard_t_le_eabi.a(libc2.o)
                0x0000000000003214                __RAL_c_locale_data
 .rodata.libc.__RAL_c_locale_date_format
                0x000000000000326c        0x9 C:/Program Files/SEGGER/SEGGER Embedded Studio for ARM 4.22/lib/libc_v7em_fpv4_sp_d16_hard_t_le_eabi.a(libc2.o)
                0x000000000000326c                __RAL_c_locale_date_format
 *fill*         0x0000000000003275        0x3 
 .rodata.libc.__RAL_c_locale_date_time_format
                0x0000000000003278        0xf C:/Program Files/SEGGER/SEGGER Embedded Studio for ARM 4.22/lib/libc_v7em_fpv4_sp_d16_hard_t_le_eabi.a(libc2.o)
                0x0000000000003278                __RAL_c_locale_date_time_format
 *fill*         0x0000000000003287        0x1 
 .rodata.libc.__RAL_c_locale_day_names
                0x0000000000003288       0x3a C:/Program Files/SEGGER/SEGGER Embedded Studio for ARM 4.22/lib/libc_v7em_fpv4_sp_d16_hard_t_le_eabi.a(libc2.o)
                0x0000000000003288                __RAL_c_locale_day_names
 *fill*         0x00000000000032c2        0x2 
 .rodata.libc.__RAL_c_locale_month_names
                0x00000000000032c4       0x57 C:/Program Files/SEGGER/SEGGER Embedded Studio for ARM 4.22/lib/libc_v7em_fpv4_sp_d16_hard_t_le_eabi.a(libc2.o)
                0x00000000000032c4                __RAL_c_locale_month_names
 *fill*         0x000000000000331b        0x1 
 .rodata.libc.__RAL_c_locale_time_format
                0x000000000000331c        0x9 C:/Program Files/SEGGER/SEGGER Embedded Studio for ARM 4.22/lib/libc_v7em_fpv4_sp_d16_hard_t_le_eabi.a(libc2.o)
                0x000000000000331c                __RAL_c_locale_time_format
 *fill*         0x0000000000003325        0x3 
 .rodata.libc.__RAL_codeset_ascii
                0x0000000000003328       0x20 C:/Program Files/SEGGER/SEGGER Embedded Studio for ARM 4.22/lib/libc_v7em_fpv4_sp_d16_hard_t_le_eabi.a(libc2.o)
                0x0000000000003328                __RAL_codeset_ascii
 .rodata.libc.__RAL_data_empty_string
                0x0000000000003348        0x1 C:/Program Files/SEGGER/SEGGER Embedded Studio for ARM 4.22/lib/libc_v7em_fpv4_sp_d16_hard_t_le_eabi.a(libc2.o)
                0x0000000000003348                __RAL_data_empty_string
 *fill*         0x0000000000003349        0x3 
 .rodata.libc.__RAL_data_utf8_period
                0x000000000000334c        0x2 C:/Program Files/SEGGER/SEGGER Embedded Studio for ARM 4.22/lib/libc_v7em_fpv4_sp_d16_hard_t_le_eabi.a(libc2.o)
                0x000000000000334c                __RAL_data_utf8_period
 *fill*         0x000000000000334e        0x2 
 .rodata.libc.__RAL_find_locale.str1.4
                0x0000000000003350        0xa C:/Program Files/SEGGER/SEGGER Embedded Studio for ARM 4.22/lib/libc_v7em_fpv4_sp_d16_hard_t_le_eabi.a(libc2.o)
 *fill*         0x000000000000335a        0x2 
 .rodata.libc.__RAL_hex_lc
                0x000000000000335c       0x10 C:/Program Files/SEGGER/SEGGER Embedded Studio for ARM 4.22/lib/libc_v7em_fpv4_sp_d16_hard_t_le_eabi.a(libc2.o)
                0x000000000000335c                __RAL_hex_lc
 .rodata.libc.__RAL_hex_uc
                0x000000000000336c       0x10 C:/Program Files/SEGGER/SEGGER Embedded Studio for ARM 4.22/lib/libc_v7em_fpv4_sp_d16_hard_t_le_eabi.a(libc2.o)
                0x000000000000336c                __RAL_hex_uc
 .rodata.libc.__vfprintf_int.str1.4
                0x000000000000337c        0x8 C:/Program Files/SEGGER/SEGGER Embedded Studio for ARM 4.22/lib/libvfprintf_v7em_fpv4_sp_d16_hard_t_le_eabi.o
                                          0x7 (size before relaxing)
                0x0000000000003384                __rodata_end__ = (__rodata_start__ + SIZEOF (.rodata))
                0x00000000000003fc                __rodata_size__ = SIZEOF (.rodata)
                0x0000000000003384                __rodata_load_end__ = __rodata_end__

.rel.dyn        0x0000000000003384        0x0
 .rel.iplt      0x0000000000003384        0x0 Output/spis_pca10040 Release/Obj/thumb_crt0.o
                0x0000000000000001                . = ASSERT (((__rodata_start__ == __rodata_end__) || ((__rodata_end__ - __FLASH_segment_start__) <= __FLASH_segment_size__)), error: .rodata is too large to fit in FLASH memory segment)
                0x0000000000003384                __ARM.exidx_load_start__ = ALIGN (__rodata_end__, 0x4)

.ARM.exidx      0x0000000000003384        0x0
                0x0000000000003384                __ARM.exidx_start__ = .
                0x0000000000003384                __exidx_start = __ARM.exidx_start__
 *(.ARM.exidx .ARM.exidx.*)
                0x0000000000003384                __ARM.exidx_end__ = (__ARM.exidx_start__ + SIZEOF (.ARM.exidx))
                0x0000000000000000                __ARM.exidx_size__ = SIZEOF (.ARM.exidx)
                0x0000000000003384                __exidx_end = __ARM.exidx_end__
                0x0000000000003384                __ARM.exidx_load_end__ = __ARM.exidx_end__
                0x0000000000000001                . = ASSERT (((__ARM.exidx_start__ == __ARM.exidx_end__) || ((__ARM.exidx_end__ - __FLASH_segment_start__) <= __FLASH_segment_size__)), error: .ARM.exidx is too large to fit in FLASH memory segment)
                0x0000000000003384                __fast_load_start__ = ALIGN (__ARM.exidx_end__, 0x4)

.fast           0x0000000020000000        0x0 load address 0x0000000000003384
                0x0000000020000000                __fast_start__ = .
 *(.fast .fast.*)
                0x0000000020000000                __fast_end__ = (__fast_start__ + SIZEOF (.fast))
                0x0000000000000000                __fast_size__ = SIZEOF (.fast)
                0x0000000000003384                __fast_load_end__ = (__fast_load_start__ + SIZEOF (.fast))
                0x0000000000000001                . = ASSERT (((__fast_load_start__ == __fast_load_end__) || ((__fast_load_end__ - __FLASH_segment_start__) <= __FLASH_segment_size__)), error: .fast is too large to fit in FLASH memory segment)

.fast_run       0x0000000020000000        0x0
                0x0000000020000000                __fast_run_start__ = .
                0x0000000020000000                . = MAX ((__fast_run_start__ + SIZEOF (.fast)), .)
                0x0000000020000000                __fast_run_end__ = (__fast_run_start__ + SIZEOF (.fast_run))
                0x0000000000000000                __fast_run_size__ = SIZEOF (.fast_run)
                0x0000000020000000                __fast_run_load_end__ = __fast_run_end__
                0x0000000000000001                . = ASSERT (((__fast_run_start__ == __fast_run_end__) || ((__fast_run_end__ - __RAM_segment_start__) <= __RAM_segment_size__)), error: .fast_run is too large to fit in RAM memory segment)
                0x0000000000003384                __data_load_start__ = ALIGN ((__fast_load_start__ + SIZEOF (.fast)), 0x4)

.data           0x0000000020000000       0x34 load address 0x0000000000003384
                0x0000000020000000                __data_start__ = .
 *(.data .data.* .gnu.linkonce.d.*)
 .data.m_uart   0x0000000020000000       0x14 Output/spis_pca10040 Release/Obj/nrf_log_backend_uart.o
                0x0000000020000000                m_uart
 .data.log_backend_cb_uart_log_backend
                0x0000000020000014        0x8 Output/spis_pca10040 Release/Obj/nrf_log_default_backends.o
 .data.SystemCoreClock
                0x000000002000001c        0x4 Output/spis_pca10040 Release/Obj/system_nrf52.o
                0x000000002000001c                SystemCoreClock
 .data.libc.__RAL_global_locale
                0x0000000020000020       0x14 C:/Program Files/SEGGER/SEGGER Embedded Studio for ARM 4.22/lib/libc_v7em_fpv4_sp_d16_hard_t_le_eabi.a(libc2.o)
                0x0000000020000020                __RAL_global_locale
                0x0000000020000034                __data_end__ = (__data_start__ + SIZEOF (.data))
                0x0000000000000034                __data_size__ = SIZEOF (.data)
                0x00000000000033b8                __data_load_end__ = (__data_load_start__ + SIZEOF (.data))

.igot.plt       0x0000000100000000        0x0
 .igot.plt      0x0000000100000000        0x0 Output/spis_pca10040 Release/Obj/thumb_crt0.o
                0x0000000000000001                . = ASSERT (((__data_load_start__ == __data_load_end__) || ((__data_load_end__ - __FLASH_segment_start__) <= __FLASH_segment_size__)), error: .data is too large to fit in FLASH memory segment)

.data_run       0x0000000020000000       0x34 load address 0x0000000000003384
                0x0000000020000000                __data_run_start__ = .
                0x0000000020000034                . = MAX ((__data_run_start__ + SIZEOF (.data)), .)
 *fill*         0x0000000020000000       0x34 
                0x0000000020000034                __data_run_end__ = (__data_run_start__ + SIZEOF (.data_run))
                0x0000000000000034                __data_run_size__ = SIZEOF (.data_run)
                0x0000000020000034                __data_run_load_end__ = __data_run_end__
                0x0000000000000001                . = ASSERT (((__data_run_start__ == __data_run_end__) || ((__data_run_end__ - __RAM_segment_start__) <= __RAM_segment_size__)), error: .data_run is too large to fit in RAM memory segment)
                0x00000000000033b8                __tdata_load_start__ = ALIGN ((__data_load_start__ + SIZEOF (.data)), 0x4)

.tdata          0x0000000020000034        0x0 load address 0x00000000000033b8
                0x0000000020000034                __tdata_start__ = .
 *(.tdata .tdata.*)
                0x0000000020000034                __tdata_end__ = (__tdata_start__ + SIZEOF (.tdata))
                0x0000000000000000                __tdata_size__ = SIZEOF (.tdata)
                0x00000000000033b8                __tdata_load_end__ = (__tdata_load_start__ + SIZEOF (.tdata))
                0x00000000000033b8                __FLASH_segment_used_end__ = (ALIGN ((__data_load_start__ + SIZEOF (.data)), 0x4) + SIZEOF (.tdata))
                0x00000000000033b8                __FLASH_segment_used_size__ = (__FLASH_segment_used_end__ - __FLASH_segment_start__)
                0x0000000000000001                . = ASSERT (((__tdata_load_start__ == __tdata_load_end__) || ((__tdata_load_end__ - __FLASH_segment_start__) <= __FLASH_segment_size__)), error: .tdata is too large to fit in FLASH memory segment)

.tdata_run      0x0000000020000034        0x0
                0x0000000020000034                __tdata_run_start__ = .
                0x0000000020000034                . = MAX ((__tdata_run_start__ + SIZEOF (.tdata)), .)
                0x0000000020000034                __tdata_run_end__ = (__tdata_run_start__ + SIZEOF (.tdata_run))
                0x0000000000000000                __tdata_run_size__ = SIZEOF (.tdata_run)
                0x0000000020000034                __tdata_run_load_end__ = __tdata_run_end__
                0x0000000000000001                . = ASSERT (((__tdata_run_start__ == __tdata_run_end__) || ((__tdata_run_end__ - __RAM_segment_start__) <= __RAM_segment_size__)), error: .tdata_run is too large to fit in RAM memory segment)
                0x0000000020000034                __bss_load_start__ = ALIGN (__tdata_run_end__, 0x4)

.bss            0x0000000020000034      0x8bc
                0x0000000020000034                __bss_start__ = .
 *(.bss .bss.* .gnu.linkonce.b.*)
 .bss.m_async_mode
                0x0000000020000034        0x1 Output/spis_pca10040 Release/Obj/nrf_log_backend_uart.o
 .bss.m_string_buff
                0x0000000020000035       0x40 Output/spis_pca10040 Release/Obj/nrf_log_backend_uart.o
 .bss.m_xfer_done
                0x0000000020000075        0x1 Output/spis_pca10040 Release/Obj/nrf_log_backend_uart.o
 *fill*         0x0000000020000076        0x2 
 .bss.log_mempool_nrf_balloc_cb
                0x0000000020000078        0x8 Output/spis_pca10040 Release/Obj/nrf_log_frontend.o
 .bss.log_mempool_nrf_balloc_pool_mem
                0x0000000020000080       0xc0 Output/spis_pca10040 Release/Obj/nrf_log_frontend.o
 .bss.log_mempool_nrf_balloc_pool_stack
                0x0000000020000140        0x8 Output/spis_pca10040 Release/Obj/nrf_log_frontend.o
 .bss.m_log_data
                0x0000000020000148      0x424 Output/spis_pca10040 Release/Obj/nrf_log_frontend.o
 .bss.m_in_critical_region
                0x000000002000056c        0x4 Output/spis_pca10040 Release/Obj/app_util_platform.o
 .bss.m_cb      0x0000000020000570        0x8 Output/spis_pca10040 Release/Obj/drv_rtc.o
 .bss.m_handlers
                0x0000000020000578        0x4 Output/spis_pca10040 Release/Obj/drv_rtc.o
 .bss.m_contexts
                0x000000002000057c        0x4 Output/spis_pca10040 Release/Obj/nrf_drv_uart.o
 .bss.m_handlers
                0x0000000020000580        0x4 Output/spis_pca10040 Release/Obj/nrf_drv_uart.o
 .bss.nrf_drv_uart_use_easy_dma
                0x0000000020000584        0x1 Output/spis_pca10040 Release/Obj/nrf_drv_uart.o
                0x0000000020000584                nrf_drv_uart_use_easy_dma
 *fill*         0x0000000020000585        0x3 
 .bss.m_cb      0x0000000020000588       0x5c Output/spis_pca10040 Release/Obj/nrfx_gpiote.o
 .bss.m_prs_box_4
                0x00000000200005e4        0x8 Output/spis_pca10040 Release/Obj/nrfx_prs.o
 .bss.m_cb      0x00000000200005ec       0x1c Output/spis_pca10040 Release/Obj/nrfx_spis.o
 .bss.m_cb      0x0000000020000608       0x2c Output/spis_pca10040 Release/Obj/nrfx_uart.o
 .bss.m_cb      0x0000000020000634       0x24 Output/spis_pca10040 Release/Obj/nrfx_uarte.o
 .bss.rx_buff   0x0000000020000658        0x6 Output/spis_pca10040 Release/Obj/main.o
                0x0000000020000658                rx_buff
 .bss.tx_buff   0x000000002000065e        0x6 Output/spis_pca10040 Release/Obj/main.o
                0x000000002000065e                tx_buff
 .bss._SEGGER_RTT
                0x0000000020000664       0x78 Output/spis_pca10040 Release/Obj/SEGGER_RTT.o
                0x0000000020000664                _SEGGER_RTT
 .bss._acDownBuffer
                0x00000000200006dc       0x10 Output/spis_pca10040 Release/Obj/SEGGER_RTT.o
 .bss._acUpBuffer
                0x00000000200006ec      0x200 Output/spis_pca10040 Release/Obj/SEGGER_RTT.o
 .bss.libc.__user_format_extender
                0x00000000200008ec        0x4 C:/Program Files/SEGGER/SEGGER Embedded Studio for ARM 4.22/lib/libc_v7em_fpv4_sp_d16_hard_t_le_eabi.a(libc2.o)
                0x00000000200008ec                __user_format_extender
 *(COMMON)
                0x00000000200008f0                __bss_end__ = (__bss_start__ + SIZEOF (.bss))
                0x00000000000008bc                __bss_size__ = SIZEOF (.bss)
                0x00000000200008f0                __bss_load_end__ = __bss_end__
                0x0000000000000001                . = ASSERT (((__bss_start__ == __bss_end__) || ((__bss_end__ - __RAM_segment_start__) <= __RAM_segment_size__)), error: .bss is too large to fit in RAM memory segment)
                0x00000000200008f0                __tbss_load_start__ = ALIGN (__bss_end__, 0x4)

.tbss           0x00000000200008f0        0x0
                0x00000000200008f0                __tbss_start__ = .
 *(.tbss .tbss.*)
                0x00000000200008f0                __tbss_end__ = (__tbss_start__ + SIZEOF (.tbss))
                0x0000000000000000                __tbss_size__ = SIZEOF (.tbss)
                0x00000000200008f0                __tbss_load_end__ = __tbss_end__
                0x0000000000000001                . = ASSERT (((__tbss_start__ == __tbss_end__) || ((__tbss_end__ - __RAM_segment_start__) <= __RAM_segment_size__)), error: .tbss is too large to fit in RAM memory segment)
                0x00000000200008f0                __non_init_load_start__ = ALIGN (__tbss_end__, 0x4)

.non_init       0x00000000200008f0        0x0
                0x00000000200008f0                __non_init_start__ = .
 *(.non_init .non_init.*)
                0x00000000200008f0                __non_init_end__ = (__non_init_start__ + SIZEOF (.non_init))
                0x0000000000000000                __non_init_size__ = SIZEOF (.non_init)
                0x00000000200008f0                __non_init_load_end__ = __non_init_end__
                0x0000000000000001                . = ASSERT (((__non_init_start__ == __non_init_end__) || ((__non_init_end__ - __RAM_segment_start__) <= __RAM_segment_size__)), error: .non_init is too large to fit in RAM memory segment)
                0x00000000200008f0                __heap_load_start__ = ALIGN (__non_init_end__, 0x4)

.heap           0x00000000200008f0     0x2000
                0x00000000200008f0                __heap_start__ = .
 *(.heap .heap.*)
                0x00000000200028f0                . = ALIGN (MAX ((__heap_start__ + __HEAPSIZE__), .), 0x4)
 *fill*         0x00000000200008f0     0x2000 
                0x00000000200028f0                __heap_end__ = (__heap_start__ + SIZEOF (.heap))
                0x0000000000002000                __heap_size__ = SIZEOF (.heap)
                0x00000000200028f0                __heap_load_end__ = __heap_end__
                0x0000000000000001                . = ASSERT (((__heap_start__ == __heap_end__) || ((__heap_end__ - __RAM_segment_start__) <= __RAM_segment_size__)), error: .heap is too large to fit in RAM memory segment)
                0x000000002000e000                __stack_load_start__ = (__RAM_segment_start__ + (__RAM_segment_size__ - 0x2000))

.stack          0x000000002000e000     0x2000
                0x000000002000e000                __stack_start__ = .
                0x000000002000e000                __StackLimit = __stack_start__
 *(.stack .stack.*)
                0x0000000020010000                . = ALIGN (MAX ((__stack_start__ + __STACKSIZE__), .), 0x8)
 *fill*         0x000000002000e000     0x2000 
                0x0000000020010000                __stack_end__ = (__stack_start__ + SIZEOF (.stack))
                0x0000000000002000                __stack_size__ = SIZEOF (.stack)
                0x0000000020010000                __StackTop = __stack_end__
                0x0000000020010000                __stack_load_end__ = __stack_end__
                0x0000000000000001                . = ASSERT (((__stack_start__ == __stack_end__) || ((__stack_end__ - __RAM_segment_start__) <= __RAM_segment_size__)), error: .stack is too large to fit in RAM memory segment)
                0x0000000000000001                . = ASSERT ((__heap_end__ <= __stack_start__), error: section .heap overlaps absolute placed section .stack)
                0x0000000020010000                __stack_process_load_start__ = ALIGN (__stack_end__, 0x8)

.stack_process  0x0000000020010000        0x0
                0x0000000020010000                __stack_process_start__ = .
 *(.stack_process .stack_process.*)
                0x0000000020010000                . = ALIGN (MAX ((__stack_process_start__ + __STACKSIZE_PROCESS__), .), 0x8)
                0x0000000020010000                __stack_process_end__ = (__stack_process_start__ + SIZEOF (.stack_process))
                0x0000000000000000                __stack_process_size__ = SIZEOF (.stack_process)
                0x0000000020010000                __stack_process_load_end__ = __stack_process_end__
                0x0000000020010000                __RAM_segment_used_end__ = (ALIGN (__stack_end__, 0x8) + SIZEOF (.stack_process))
                0x0000000000010000                __RAM_segment_used_size__ = (__RAM_segment_used_end__ - __RAM_segment_start__)
                0x0000000000000001                . = ASSERT (((__stack_process_start__ == __stack_process_end__) || ((__stack_process_end__ - __RAM_segment_start__) <= __RAM_segment_size__)), error: .stack_process is too large to fit in RAM memory segment)
START GROUP
LOAD Output/spis_pca10040 Release/Obj/thumb_crt0.o
LOAD Output/spis_pca10040 Release/Obj/nrf_log_backend_rtt.o
LOAD Output/spis_pca10040 Release/Obj/nrf_log_backend_serial.o
LOAD Output/spis_pca10040 Release/Obj/nrf_log_backend_uart.o
LOAD Output/spis_pca10040 Release/Obj/nrf_log_default_backends.o
LOAD Output/spis_pca10040 Release/Obj/nrf_log_frontend.o
LOAD Output/spis_pca10040 Release/Obj/nrf_log_str_formatter.o
LOAD Output/spis_pca10040 Release/Obj/boards.o
LOAD Output/spis_pca10040 Release/Obj/app_button.o
LOAD Output/spis_pca10040 Release/Obj/app_error.o
LOAD Output/spis_pca10040 Release/Obj/app_error_handler_gcc.o
LOAD Output/spis_pca10040 Release/Obj/app_error_weak.o
LOAD Output/spis_pca10040 Release/Obj/app_scheduler.o
LOAD Output/spis_pca10040 Release/Obj/app_timer2.o
LOAD Output/spis_pca10040 Release/Obj/app_util_platform.o
LOAD Output/spis_pca10040 Release/Obj/drv_rtc.o
LOAD Output/spis_pca10040 Release/Obj/nrf_assert.o
LOAD Output/spis_pca10040 Release/Obj/nrf_atfifo.o
LOAD Output/spis_pca10040 Release/Obj/nrf_atomic.o
LOAD Output/spis_pca10040 Release/Obj/nrf_balloc.o
LOAD Output/spis_pca10040 Release/Obj/nrf_fprintf.o
LOAD Output/spis_pca10040 Release/Obj/nrf_fprintf_format.o
LOAD Output/spis_pca10040 Release/Obj/nrf_memobj.o
LOAD Output/spis_pca10040 Release/Obj/nrf_ringbuf.o
LOAD Output/spis_pca10040 Release/Obj/nrf_sortlist.o
LOAD Output/spis_pca10040 Release/Obj/nrf_strerror.o
LOAD Output/spis_pca10040 Release/Obj/nrf_drv_spis.o
LOAD Output/spis_pca10040 Release/Obj/nrf_drv_uart.o
LOAD Output/spis_pca10040 Release/Obj/nrfx_atomic.o
LOAD Output/spis_pca10040 Release/Obj/nrfx_gpiote.o
LOAD Output/spis_pca10040 Release/Obj/nrfx_prs.o
LOAD Output/spis_pca10040 Release/Obj/nrfx_spis.o
LOAD Output/spis_pca10040 Release/Obj/nrfx_uart.o
LOAD Output/spis_pca10040 Release/Obj/nrfx_uarte.o
LOAD Output/spis_pca10040 Release/Obj/bsp.o
LOAD Output/spis_pca10040 Release/Obj/main.o
LOAD Output/spis_pca10040 Release/Obj/SEGGER_RTT.o
LOAD Output/spis_pca10040 Release/Obj/SEGGER_RTT_Syscalls_SES.o
LOAD Output/spis_pca10040 Release/Obj/SEGGER_RTT_printf.o
LOAD Output/spis_pca10040 Release/Obj/ses_startup_nrf52.o
LOAD Output/spis_pca10040 Release/Obj/ses_startup_nrf_common.o
LOAD Output/spis_pca10040 Release/Obj/system_nrf52.o
LOAD C:/Program Files/SEGGER/SEGGER Embedded Studio for ARM 4.22/lib/libdebugio_mempoll_v7em_fpv4_sp_d16_hard_t_le_eabi.a
LOAD C:/Program Files/SEGGER/SEGGER Embedded Studio for ARM 4.22/lib/libm_v7em_fpv4_sp_d16_hard_t_le_eabi.a
LOAD C:/Program Files/SEGGER/SEGGER Embedded Studio for ARM 4.22/lib/libc_v7em_fpv4_sp_d16_hard_t_le_eabi.a
LOAD C:/Program Files/SEGGER/SEGGER Embedded Studio for ARM 4.22/lib/libcpp_v7em_fpv4_sp_d16_hard_t_le_eabi.a
LOAD C:/Program Files/SEGGER/SEGGER Embedded Studio for ARM 4.22/lib/libdebugio_v7em_fpv4_sp_d16_hard_t_le_eabi.a
LOAD C:/Program Files/SEGGER/SEGGER Embedded Studio for ARM 4.22/lib/libvfprintf_v7em_fpv4_sp_d16_hard_t_le_eabi.o
LOAD C:/Program Files/SEGGER/SEGGER Embedded Studio for ARM 4.22/lib/libvfscanf_v7em_fpv4_sp_d16_hard_t_le_eabi.o
END GROUP
OUTPUT(Output/Release/Exe/spis_pca10040.elf elf32-littlearm)

.ARM.attributes
                0x0000000000000000       0x35
 .ARM.attributes
                0x0000000000000000       0x25 Output/spis_pca10040 Release/Obj/thumb_crt0.o
 .ARM.attributes
                0x0000000000000025       0x39 Output/spis_pca10040 Release/Obj/nrf_log_backend_serial.o
 .ARM.attributes
                0x000000000000005e       0x39 Output/spis_pca10040 Release/Obj/nrf_log_backend_uart.o
 .ARM.attributes
                0x0000000000000097       0x39 Output/spis_pca10040 Release/Obj/nrf_log_default_backends.o
 .ARM.attributes
                0x00000000000000d0       0x39 Output/spis_pca10040 Release/Obj/nrf_log_frontend.o
 .ARM.attributes
                0x0000000000000109       0x39 Output/spis_pca10040 Release/Obj/nrf_log_str_formatter.o
 .ARM.attributes
                0x0000000000000142       0x39 Output/spis_pca10040 Release/Obj/app_button.o
 .ARM.attributes
                0x000000000000017b       0x39 Output/spis_pca10040 Release/Obj/app_error.o
 .ARM.attributes
                0x00000000000001b4       0x39 Output/spis_pca10040 Release/Obj/app_error_weak.o
 .ARM.attributes
                0x00000000000001ed       0x39 Output/spis_pca10040 Release/Obj/app_timer2.o
 .ARM.attributes
                0x0000000000000226       0x39 Output/spis_pca10040 Release/Obj/app_util_platform.o
 .ARM.attributes
                0x000000000000025f       0x39 Output/spis_pca10040 Release/Obj/drv_rtc.o
 .ARM.attributes
                0x0000000000000298       0x39 Output/spis_pca10040 Release/Obj/nrf_atomic.o
 .ARM.attributes
                0x00000000000002d1       0x39 Output/spis_pca10040 Release/Obj/nrf_balloc.o
 .ARM.attributes
                0x000000000000030a       0x39 Output/spis_pca10040 Release/Obj/nrf_fprintf.o
 .ARM.attributes
                0x0000000000000343       0x39 Output/spis_pca10040 Release/Obj/nrf_fprintf_format.o
 .ARM.attributes
                0x000000000000037c       0x39 Output/spis_pca10040 Release/Obj/nrf_memobj.o
 .ARM.attributes
                0x00000000000003b5       0x39 Output/spis_pca10040 Release/Obj/nrf_sortlist.o
 .ARM.attributes
                0x00000000000003ee       0x39 Output/spis_pca10040 Release/Obj/nrf_drv_uart.o
 .ARM.attributes
                0x0000000000000427       0x39 Output/spis_pca10040 Release/Obj/nrfx_gpiote.o
 .ARM.attributes
                0x0000000000000460       0x39 Output/spis_pca10040 Release/Obj/nrfx_prs.o
 .ARM.attributes
                0x0000000000000499       0x39 Output/spis_pca10040 Release/Obj/nrfx_spis.o
 .ARM.attributes
                0x00000000000004d2       0x39 Output/spis_pca10040 Release/Obj/nrfx_uart.o
 .ARM.attributes
                0x000000000000050b       0x39 Output/spis_pca10040 Release/Obj/nrfx_uarte.o
 .ARM.attributes
                0x0000000000000544       0x39 Output/spis_pca10040 Release/Obj/main.o
 .ARM.attributes
                0x000000000000057d       0x39 Output/spis_pca10040 Release/Obj/SEGGER_RTT.o
 .ARM.attributes
                0x00000000000005b6       0x39 Output/spis_pca10040 Release/Obj/SEGGER_RTT_Syscalls_SES.o
 .ARM.attributes
                0x00000000000005ef       0x25 Output/spis_pca10040 Release/Obj/ses_startup_nrf52.o
 .ARM.attributes
                0x0000000000000614       0x25 Output/spis_pca10040 Release/Obj/ses_startup_nrf_common.o
 .ARM.attributes
                0x0000000000000639       0x39 Output/spis_pca10040 Release/Obj/system_nrf52.o
 .ARM.attributes
                0x0000000000000672       0x34 C:/Program Files/SEGGER/SEGGER Embedded Studio for ARM 4.22/lib/libc_v7em_fpv4_sp_d16_hard_t_le_eabi.a(libc2.o)
 .ARM.attributes
                0x00000000000006a6       0x20 C:/Program Files/SEGGER/SEGGER Embedded Studio for ARM 4.22/lib/libc_v7em_fpv4_sp_d16_hard_t_le_eabi.a(libc2_asm.o)
 .ARM.attributes
                0x00000000000006c6       0x34 C:/Program Files/SEGGER/SEGGER Embedded Studio for ARM 4.22/lib/libvfprintf_v7em_fpv4_sp_d16_hard_t_le_eabi.o

.comment        0x0000000000000000       0x43
 .comment       0x0000000000000000       0x43 Output/spis_pca10040 Release/Obj/nrf_log_backend_serial.o
                                         0x44 (size before relaxing)
 .comment       0x0000000000000043       0x44 Output/spis_pca10040 Release/Obj/nrf_log_backend_uart.o
 .comment       0x0000000000000043       0x44 Output/spis_pca10040 Release/Obj/nrf_log_default_backends.o
 .comment       0x0000000000000043       0x44 Output/spis_pca10040 Release/Obj/nrf_log_frontend.o
 .comment       0x0000000000000043       0x44 Output/spis_pca10040 Release/Obj/nrf_log_str_formatter.o
 .comment       0x0000000000000043       0x44 Output/spis_pca10040 Release/Obj/app_button.o
 .comment       0x0000000000000043       0x44 Output/spis_pca10040 Release/Obj/app_error.o
 .comment       0x0000000000000043       0x44 Output/spis_pca10040 Release/Obj/app_error_weak.o
 .comment       0x0000000000000043       0x44 Output/spis_pca10040 Release/Obj/app_timer2.o
 .comment       0x0000000000000043       0x44 Output/spis_pca10040 Release/Obj/app_util_platform.o
 .comment       0x0000000000000043       0x44 Output/spis_pca10040 Release/Obj/drv_rtc.o
 .comment       0x0000000000000043       0x44 Output/spis_pca10040 Release/Obj/nrf_atomic.o
 .comment       0x0000000000000043       0x44 Output/spis_pca10040 Release/Obj/nrf_balloc.o
 .comment       0x0000000000000043       0x44 Output/spis_pca10040 Release/Obj/nrf_fprintf.o
 .comment       0x0000000000000043       0x44 Output/spis_pca10040 Release/Obj/nrf_fprintf_format.o
 .comment       0x0000000000000043       0x44 Output/spis_pca10040 Release/Obj/nrf_memobj.o
 .comment       0x0000000000000043       0x44 Output/spis_pca10040 Release/Obj/nrf_sortlist.o
 .comment       0x0000000000000043       0x44 Output/spis_pca10040 Release/Obj/nrf_drv_uart.o
 .comment       0x0000000000000043       0x44 Output/spis_pca10040 Release/Obj/nrfx_gpiote.o
 .comment       0x0000000000000043       0x44 Output/spis_pca10040 Release/Obj/nrfx_prs.o
 .comment       0x0000000000000043       0x44 Output/spis_pca10040 Release/Obj/nrfx_spis.o
 .comment       0x0000000000000043       0x44 Output/spis_pca10040 Release/Obj/nrfx_uart.o
 .comment       0x0000000000000043       0x44 Output/spis_pca10040 Release/Obj/nrfx_uarte.o
 .comment       0x0000000000000043       0x44 Output/spis_pca10040 Release/Obj/main.o
 .comment       0x0000000000000043       0x44 Output/spis_pca10040 Release/Obj/SEGGER_RTT.o
 .comment       0x0000000000000043       0x44 Output/spis_pca10040 Release/Obj/SEGGER_RTT_Syscalls_SES.o
 .comment       0x0000000000000043       0x44 Output/spis_pca10040 Release/Obj/system_nrf52.o
 .comment       0x0000000000000043       0x44 C:/Program Files/SEGGER/SEGGER Embedded Studio for ARM 4.22/lib/libc_v7em_fpv4_sp_d16_hard_t_le_eabi.a(libc2.o)
 .comment       0x0000000000000043       0x44 C:/Program Files/SEGGER/SEGGER Embedded Studio for ARM 4.22/lib/libvfprintf_v7em_fpv4_sp_d16_hard_t_le_eabi.o

.debug_line     0x0000000000000000    0x11d58
 .debug_line    0x0000000000000000      0x1ed Output/spis_pca10040 Release/Obj/thumb_crt0.o
 .debug_line    0x00000000000001ed      0x6bf Output/spis_pca10040 Release/Obj/nrf_log_backend_serial.o
 .debug_line    0x00000000000008ac      0x954 Output/spis_pca10040 Release/Obj/nrf_log_backend_uart.o
 .debug_line    0x0000000000001200      0x5bd Output/spis_pca10040 Release/Obj/nrf_log_default_backends.o
 .debug_line    0x00000000000017bd     0x127a Output/spis_pca10040 Release/Obj/nrf_log_frontend.o
 .debug_line    0x0000000000002a37      0x7a6 Output/spis_pca10040 Release/Obj/nrf_log_str_formatter.o
 .debug_line    0x00000000000031dd      0xcb5 Output/spis_pca10040 Release/Obj/app_button.o
 .debug_line    0x0000000000003e92      0x3b1 Output/spis_pca10040 Release/Obj/app_error.o
 .debug_line    0x0000000000004243      0x6d7 Output/spis_pca10040 Release/Obj/app_error_weak.o
 .debug_line    0x000000000000491a      0xd2c Output/spis_pca10040 Release/Obj/app_timer2.o
 .debug_line    0x0000000000005646      0x436 Output/spis_pca10040 Release/Obj/app_util_platform.o
 .debug_line    0x0000000000005a7c     0x10c2 Output/spis_pca10040 Release/Obj/drv_rtc.o
 .debug_line    0x0000000000006b3e      0x608 Output/spis_pca10040 Release/Obj/nrf_atomic.o
 .debug_line    0x0000000000007146      0x6a1 Output/spis_pca10040 Release/Obj/nrf_balloc.o
 .debug_line    0x00000000000077e7      0x3dc Output/spis_pca10040 Release/Obj/nrf_fprintf.o
 .debug_line    0x0000000000007bc3      0x821 Output/spis_pca10040 Release/Obj/nrf_fprintf_format.o
 .debug_line    0x00000000000083e4      0x7c9 Output/spis_pca10040 Release/Obj/nrf_memobj.o
 .debug_line    0x0000000000008bad      0x5d1 Output/spis_pca10040 Release/Obj/nrf_sortlist.o
 .debug_line    0x000000000000917e      0x66a Output/spis_pca10040 Release/Obj/nrf_drv_uart.o
 .debug_line    0x00000000000097e8     0x1a83 Output/spis_pca10040 Release/Obj/nrfx_gpiote.o
 .debug_line    0x000000000000b26b      0x734 Output/spis_pca10040 Release/Obj/nrfx_prs.o
 .debug_line    0x000000000000b99f      0xf24 Output/spis_pca10040 Release/Obj/nrfx_spis.o
 .debug_line    0x000000000000c8c3     0x1738 Output/spis_pca10040 Release/Obj/nrfx_uart.o
 .debug_line    0x000000000000dffb     0x1689 Output/spis_pca10040 Release/Obj/nrfx_uarte.o
 .debug_line    0x000000000000f684      0xb04 Output/spis_pca10040 Release/Obj/main.o
 .debug_line    0x0000000000010188     0x1047 Output/spis_pca10040 Release/Obj/SEGGER_RTT.o
 .debug_line    0x00000000000111cf      0x44e Output/spis_pca10040 Release/Obj/SEGGER_RTT_Syscalls_SES.o
 .debug_line    0x000000000001161d       0x89 Output/spis_pca10040 Release/Obj/ses_startup_nrf52.o
 .debug_line    0x00000000000116a6       0xab Output/spis_pca10040 Release/Obj/ses_startup_nrf_common.o
 .debug_line    0x0000000000011751      0x607 Output/spis_pca10040 Release/Obj/system_nrf52.o

.debug_info     0x0000000000000000    0x272c1
 .debug_info    0x0000000000000000       0x22 Output/spis_pca10040 Release/Obj/thumb_crt0.o
 .debug_info    0x0000000000000022      0xea0 Output/spis_pca10040 Release/Obj/nrf_log_backend_serial.o
 .debug_info    0x0000000000000ec2     0x18a9 Output/spis_pca10040 Release/Obj/nrf_log_backend_uart.o
 .debug_info    0x000000000000276b      0xa1a Output/spis_pca10040 Release/Obj/nrf_log_default_backends.o
 .debug_info    0x0000000000003185     0x29d0 Output/spis_pca10040 Release/Obj/nrf_log_frontend.o
 .debug_info    0x0000000000005b55     0x103d Output/spis_pca10040 Release/Obj/nrf_log_str_formatter.o
 .debug_info    0x0000000000006b92     0x1275 Output/spis_pca10040 Release/Obj/app_button.o
 .debug_info    0x0000000000007e07      0x876 Output/spis_pca10040 Release/Obj/app_error.o
 .debug_info    0x000000000000867d      0xca7 Output/spis_pca10040 Release/Obj/app_error_weak.o
 .debug_info    0x0000000000009324     0x1ba0 Output/spis_pca10040 Release/Obj/app_timer2.o
 .debug_info    0x000000000000aec4      0xd5b Output/spis_pca10040 Release/Obj/app_util_platform.o
 .debug_info    0x000000000000bc1f     0x2689 Output/spis_pca10040 Release/Obj/drv_rtc.o
 .debug_info    0x000000000000e2a8      0xf1b Output/spis_pca10040 Release/Obj/nrf_atomic.o
 .debug_info    0x000000000000f1c3      0xae8 Output/spis_pca10040 Release/Obj/nrf_balloc.o
 .debug_info    0x000000000000fcab      0x7e4 Output/spis_pca10040 Release/Obj/nrf_fprintf.o
 .debug_info    0x000000000001048f      0xcc6 Output/spis_pca10040 Release/Obj/nrf_fprintf_format.o
 .debug_info    0x0000000000011155      0xffc Output/spis_pca10040 Release/Obj/nrf_memobj.o
 .debug_info    0x0000000000012151      0xa00 Output/spis_pca10040 Release/Obj/nrf_sortlist.o
 .debug_info    0x0000000000012b51     0x177a Output/spis_pca10040 Release/Obj/nrf_drv_uart.o
 .debug_info    0x00000000000142cb     0x394d Output/spis_pca10040 Release/Obj/nrfx_gpiote.o
 .debug_info    0x0000000000017c18      0xe6d Output/spis_pca10040 Release/Obj/nrfx_prs.o
 .debug_info    0x0000000000018a85     0x2711 Output/spis_pca10040 Release/Obj/nrfx_spis.o
 .debug_info    0x000000000001b196     0x37fb Output/spis_pca10040 Release/Obj/nrfx_uart.o
 .debug_info    0x000000000001e991     0x3970 Output/spis_pca10040 Release/Obj/nrfx_uarte.o
 .debug_info    0x0000000000022301     0x1770 Output/spis_pca10040 Release/Obj/main.o
 .debug_info    0x0000000000023a71     0x1b9b Output/spis_pca10040 Release/Obj/SEGGER_RTT.o
 .debug_info    0x000000000002560c      0xa67 Output/spis_pca10040 Release/Obj/SEGGER_RTT_Syscalls_SES.o
 .debug_info    0x0000000000026073       0x26 Output/spis_pca10040 Release/Obj/ses_startup_nrf52.o
 .debug_info    0x0000000000026099       0x26 Output/spis_pca10040 Release/Obj/ses_startup_nrf_common.o
 .debug_info    0x00000000000260bf     0x1202 Output/spis_pca10040 Release/Obj/system_nrf52.o

.debug_abbrev   0x0000000000000000     0x5a6f
 .debug_abbrev  0x0000000000000000       0x12 Output/spis_pca10040 Release/Obj/thumb_crt0.o
 .debug_abbrev  0x0000000000000012      0x26b Output/spis_pca10040 Release/Obj/nrf_log_backend_serial.o
 .debug_abbrev  0x000000000000027d      0x38e Output/spis_pca10040 Release/Obj/nrf_log_backend_uart.o
 .debug_abbrev  0x000000000000060b      0x206 Output/spis_pca10040 Release/Obj/nrf_log_default_backends.o
 .debug_abbrev  0x0000000000000811      0x609 Output/spis_pca10040 Release/Obj/nrf_log_frontend.o
 .debug_abbrev  0x0000000000000e1a      0x2a7 Output/spis_pca10040 Release/Obj/nrf_log_str_formatter.o
 .debug_abbrev  0x00000000000010c1      0x3e0 Output/spis_pca10040 Release/Obj/app_button.o
 .debug_abbrev  0x00000000000014a1      0x1d8 Output/spis_pca10040 Release/Obj/app_error.o
 .debug_abbrev  0x0000000000001679      0x26a Output/spis_pca10040 Release/Obj/app_error_weak.o
 .debug_abbrev  0x00000000000018e3      0x4fa Output/spis_pca10040 Release/Obj/app_timer2.o
 .debug_abbrev  0x0000000000001ddd      0x2be Output/spis_pca10040 Release/Obj/app_util_platform.o
 .debug_abbrev  0x000000000000209b      0x542 Output/spis_pca10040 Release/Obj/drv_rtc.o
 .debug_abbrev  0x00000000000025dd      0x263 Output/spis_pca10040 Release/Obj/nrf_atomic.o
 .debug_abbrev  0x0000000000002840      0x29d Output/spis_pca10040 Release/Obj/nrf_balloc.o
 .debug_abbrev  0x0000000000002add      0x1de Output/spis_pca10040 Release/Obj/nrf_fprintf.o
 .debug_abbrev  0x0000000000002cbb      0x368 Output/spis_pca10040 Release/Obj/nrf_fprintf_format.o
 .debug_abbrev  0x0000000000003023      0x281 Output/spis_pca10040 Release/Obj/nrf_memobj.o
 .debug_abbrev  0x00000000000032a4      0x1dc Output/spis_pca10040 Release/Obj/nrf_sortlist.o
 .debug_abbrev  0x0000000000003480      0x274 Output/spis_pca10040 Release/Obj/nrf_drv_uart.o
 .debug_abbrev  0x00000000000036f4      0x5bb Output/spis_pca10040 Release/Obj/nrfx_gpiote.o
 .debug_abbrev  0x0000000000003caf      0x2f0 Output/spis_pca10040 Release/Obj/nrfx_prs.o
 .debug_abbrev  0x0000000000003f9f      0x488 Output/spis_pca10040 Release/Obj/nrfx_spis.o
 .debug_abbrev  0x0000000000004427      0x5c2 Output/spis_pca10040 Release/Obj/nrfx_uart.o
 .debug_abbrev  0x00000000000049e9      0x53a Output/spis_pca10040 Release/Obj/nrfx_uarte.o
 .debug_abbrev  0x0000000000004f23      0x382 Output/spis_pca10040 Release/Obj/main.o
 .debug_abbrev  0x00000000000052a5      0x32c Output/spis_pca10040 Release/Obj/SEGGER_RTT.o
 .debug_abbrev  0x00000000000055d1      0x22b Output/spis_pca10040 Release/Obj/SEGGER_RTT_Syscalls_SES.o
 .debug_abbrev  0x00000000000057fc       0x14 Output/spis_pca10040 Release/Obj/ses_startup_nrf52.o
 .debug_abbrev  0x0000000000005810       0x14 Output/spis_pca10040 Release/Obj/ses_startup_nrf_common.o
 .debug_abbrev  0x0000000000005824      0x24b Output/spis_pca10040 Release/Obj/system_nrf52.o

.debug_aranges  0x0000000000000000      0xac8
 .debug_aranges
                0x0000000000000000       0x80 Output/spis_pca10040 Release/Obj/thumb_crt0.o
 .debug_aranges
                0x0000000000000080       0x20 Output/spis_pca10040 Release/Obj/nrf_log_backend_serial.o
 .debug_aranges
                0x00000000000000a0       0x50 Output/spis_pca10040 Release/Obj/nrf_log_backend_uart.o
 .debug_aranges
                0x00000000000000f0       0x20 Output/spis_pca10040 Release/Obj/nrf_log_default_backends.o
 .debug_aranges
                0x0000000000000110       0xd0 Output/spis_pca10040 Release/Obj/nrf_log_frontend.o
 .debug_aranges
                0x00000000000001e0       0x40 Output/spis_pca10040 Release/Obj/nrf_log_str_formatter.o
 .debug_aranges
                0x0000000000000220       0x70 Output/spis_pca10040 Release/Obj/app_button.o
 .debug_aranges
                0x0000000000000290       0x28 Output/spis_pca10040 Release/Obj/app_error.o
 .debug_aranges
                0x00000000000002b8       0x20 Output/spis_pca10040 Release/Obj/app_error_weak.o
 .debug_aranges
                0x00000000000002d8       0x88 Output/spis_pca10040 Release/Obj/app_timer2.o
 .debug_aranges
                0x0000000000000360       0x48 Output/spis_pca10040 Release/Obj/app_util_platform.o
 .debug_aranges
                0x00000000000003a8       0xb0 Output/spis_pca10040 Release/Obj/drv_rtc.o
 .debug_aranges
                0x0000000000000458       0xb0 Output/spis_pca10040 Release/Obj/nrf_atomic.o
 .debug_aranges
                0x0000000000000508       0x30 Output/spis_pca10040 Release/Obj/nrf_balloc.o
 .debug_aranges
                0x0000000000000538       0x28 Output/spis_pca10040 Release/Obj/nrf_fprintf.o
 .debug_aranges
                0x0000000000000560       0x30 Output/spis_pca10040 Release/Obj/nrf_fprintf_format.o
 .debug_aranges
                0x0000000000000590       0x58 Output/spis_pca10040 Release/Obj/nrf_memobj.o
 .debug_aranges
                0x00000000000005e8       0x40 Output/spis_pca10040 Release/Obj/nrf_sortlist.o
 .debug_aranges
                0x0000000000000628       0x30 Output/spis_pca10040 Release/Obj/nrf_drv_uart.o
 .debug_aranges
                0x0000000000000658       0xf8 Output/spis_pca10040 Release/Obj/nrfx_gpiote.o
 .debug_aranges
                0x0000000000000750       0x30 Output/spis_pca10040 Release/Obj/nrfx_prs.o
 .debug_aranges
                0x0000000000000780       0x40 Output/spis_pca10040 Release/Obj/nrfx_spis.o
 .debug_aranges
                0x00000000000007c0       0xa0 Output/spis_pca10040 Release/Obj/nrfx_uart.o
 .debug_aranges
                0x0000000000000860       0x78 Output/spis_pca10040 Release/Obj/nrfx_uarte.o
 .debug_aranges
                0x00000000000008d8       0x38 Output/spis_pca10040 Release/Obj/main.o
 .debug_aranges
                0x0000000000000910      0x108 Output/spis_pca10040 Release/Obj/SEGGER_RTT.o
 .debug_aranges
                0x0000000000000a18       0x38 Output/spis_pca10040 Release/Obj/SEGGER_RTT_Syscalls_SES.o
 .debug_aranges
                0x0000000000000a50       0x20 Output/spis_pca10040 Release/Obj/ses_startup_nrf52.o
 .debug_aranges
                0x0000000000000a70       0x20 Output/spis_pca10040 Release/Obj/ses_startup_nrf_common.o
 .debug_aranges
                0x0000000000000a90       0x38 Output/spis_pca10040 Release/Obj/system_nrf52.o

.debug_str      0x0000000000000000    0x7b057
 .debug_str     0x0000000000000000       0xb4 Output/spis_pca10040 Release/Obj/thumb_crt0.o
 .debug_str     0x00000000000000b4    0x6a7e3 Output/spis_pca10040 Release/Obj/nrf_log_backend_serial.o
                                      0x6b76d (size before relaxing)
 .debug_str     0x000000000006a897     0x4262 Output/spis_pca10040 Release/Obj/nrf_log_backend_uart.o
                                      0x6f483 (size before relaxing)
 .debug_str     0x000000000006eaf9      0x131 Output/spis_pca10040 Release/Obj/nrf_log_default_backends.o
                                      0x6b529 (size before relaxing)
 .debug_str     0x000000000006ec2a     0x137f Output/spis_pca10040 Release/Obj/nrf_log_frontend.o
                                      0x6c9cf (size before relaxing)
 .debug_str     0x000000000006ffa9      0x2ee Output/spis_pca10040 Release/Obj/nrf_log_str_formatter.o
                                      0x6b8bf (size before relaxing)
 .debug_str     0x0000000000070297     0x1a72 Output/spis_pca10040 Release/Obj/app_button.o
                                      0x6f1e6 (size before relaxing)
 .debug_str     0x0000000000071d09      0x109 Output/spis_pca10040 Release/Obj/app_error.o
                                      0x5d27f (size before relaxing)
 .debug_str     0x0000000000071e12       0xee Output/spis_pca10040 Release/Obj/app_error_weak.o
                                      0x6bbf2 (size before relaxing)
 .debug_str     0x0000000000071f00     0x1101 Output/spis_pca10040 Release/Obj/app_timer2.o
                                      0x6eec4 (size before relaxing)
 .debug_str     0x0000000000073001      0x212 Output/spis_pca10040 Release/Obj/app_util_platform.o
                                      0x5da8c (size before relaxing)
 .debug_str     0x0000000000073213      0x7d5 Output/spis_pca10040 Release/Obj/drv_rtc.o
                                      0x6e838 (size before relaxing)
 .debug_str     0x00000000000739e8      0x6ce Output/spis_pca10040 Release/Obj/nrf_atomic.o
                                      0x67c09 (size before relaxing)
 .debug_str     0x00000000000740b6      0x169 Output/spis_pca10040 Release/Obj/nrf_balloc.o
                                      0x6b546 (size before relaxing)
 .debug_str     0x000000000007421f      0x117 Output/spis_pca10040 Release/Obj/nrf_fprintf.o
                                      0x677a3 (size before relaxing)
 .debug_str     0x0000000000074336      0x526 Output/spis_pca10040 Release/Obj/nrf_fprintf_format.o
                                      0x67c8c (size before relaxing)
 .debug_str     0x000000000007485c      0x1ba Output/spis_pca10040 Release/Obj/nrf_memobj.o
                                      0x698d6 (size before relaxing)
 .debug_str     0x0000000000074a16       0xe1 Output/spis_pca10040 Release/Obj/nrf_sortlist.o
                                      0x6a122 (size before relaxing)
 .debug_str     0x0000000000074af7      0x471 Output/spis_pca10040 Release/Obj/nrf_drv_uart.o
                                      0x6bc86 (size before relaxing)
 .debug_str     0x0000000000074f68     0x12c5 Output/spis_pca10040 Release/Obj/nrfx_gpiote.o
                                      0x6f9e0 (size before relaxing)
 .debug_str     0x000000000007622d      0x35b Output/spis_pca10040 Release/Obj/nrfx_prs.o
                                      0x6deed (size before relaxing)
 .debug_str     0x0000000000076588      0xcc0 Output/spis_pca10040 Release/Obj/nrfx_spis.o
                                      0x6ef83 (size before relaxing)
 .debug_str     0x0000000000077248      0x675 Output/spis_pca10040 Release/Obj/nrfx_uart.o
                                      0x6f07e (size before relaxing)
 .debug_str     0x00000000000778bd      0x960 Output/spis_pca10040 Release/Obj/nrfx_uarte.o
                                      0x6f506 (size before relaxing)
 .debug_str     0x000000000007821d     0x104c Output/spis_pca10040 Release/Obj/main.o
                                      0x702d8 (size before relaxing)
 .debug_str     0x0000000000079269      0xd28 Output/spis_pca10040 Release/Obj/SEGGER_RTT.o
                                      0x60b41 (size before relaxing)
 .debug_str     0x0000000000079f91      0xbd6 Output/spis_pca10040 Release/Obj/SEGGER_RTT_Syscalls_SES.o
                                      0x6127c (size before relaxing)
 .debug_str     0x000000000007ab67       0x4c Output/spis_pca10040 Release/Obj/ses_startup_nrf52.o